Archive member included to satisfy reference by file (symbol)

c:/st/stm32cubeide_1.4.0/stm32cubeide/plugins/com.st.stm32cube.ide.mcu.externaltools.gnu-tools-for-stm32.9-2020-q2-update.win32_1.5.0.202011040924/tools/bin/../lib/gcc/arm-none-eabi/9.3.1/../../../../arm-none-eabi/lib/thumb/v7e-m+fp/hard\libc_nano.a(lib_a-atof.o)
                              Core/Src/main.o (atof)
c:/st/stm32cubeide_1.4.0/stm32cubeide/plugins/com.st.stm32cube.ide.mcu.externaltools.gnu-tools-for-stm32.9-2020-q2-update.win32_1.5.0.202011040924/tools/bin/../lib/gcc/arm-none-eabi/9.3.1/../../../../arm-none-eabi/lib/thumb/v7e-m+fp/hard\libc_nano.a(lib_a-errno.o)
                              Core/Src/syscalls.o (__errno)
c:/st/stm32cubeide_1.4.0/stm32cubeide/plugins/com.st.stm32cube.ide.mcu.externaltools.gnu-tools-for-stm32.9-2020-q2-update.win32_1.5.0.202011040924/tools/bin/../lib/gcc/arm-none-eabi/9.3.1/../../../../arm-none-eabi/lib/thumb/v7e-m+fp/hard\libc_nano.a(lib_a-exit.o)
                              c:/st/stm32cubeide_1.4.0/stm32cubeide/plugins/com.st.stm32cube.ide.mcu.externaltools.gnu-tools-for-stm32.9-2020-q2-update.win32_1.5.0.202011040924/tools/bin/../lib/gcc/arm-none-eabi/9.3.1/../../../../arm-none-eabi/lib/thumb/v7e-m+fp/hard/crt0.o (exit)
c:/st/stm32cubeide_1.4.0/stm32cubeide/plugins/com.st.stm32cube.ide.mcu.externaltools.gnu-tools-for-stm32.9-2020-q2-update.win32_1.5.0.202011040924/tools/bin/../lib/gcc/arm-none-eabi/9.3.1/../../../../arm-none-eabi/lib/thumb/v7e-m+fp/hard\libc_nano.a(lib_a-impure.o)
                              c:/st/stm32cubeide_1.4.0/stm32cubeide/plugins/com.st.stm32cube.ide.mcu.externaltools.gnu-tools-for-stm32.9-2020-q2-update.win32_1.5.0.202011040924/tools/bin/../lib/gcc/arm-none-eabi/9.3.1/../../../../arm-none-eabi/lib/thumb/v7e-m+fp/hard\libc_nano.a(lib_a-exit.o) (_global_impure_ptr)
c:/st/stm32cubeide_1.4.0/stm32cubeide/plugins/com.st.stm32cube.ide.mcu.externaltools.gnu-tools-for-stm32.9-2020-q2-update.win32_1.5.0.202011040924/tools/bin/../lib/gcc/arm-none-eabi/9.3.1/../../../../arm-none-eabi/lib/thumb/v7e-m+fp/hard\libc_nano.a(lib_a-init.o)
                              c:/st/stm32cubeide_1.4.0/stm32cubeide/plugins/com.st.stm32cube.ide.mcu.externaltools.gnu-tools-for-stm32.9-2020-q2-update.win32_1.5.0.202011040924/tools/bin/../lib/gcc/arm-none-eabi/9.3.1/../../../../arm-none-eabi/lib/thumb/v7e-m+fp/hard/crt0.o (__libc_init_array)
c:/st/stm32cubeide_1.4.0/stm32cubeide/plugins/com.st.stm32cube.ide.mcu.externaltools.gnu-tools-for-stm32.9-2020-q2-update.win32_1.5.0.202011040924/tools/bin/../lib/gcc/arm-none-eabi/9.3.1/../../../../arm-none-eabi/lib/thumb/v7e-m+fp/hard\libc_nano.a(lib_a-memcpy-stub.o)
                              Core/Src/main.o (memcpy)
c:/st/stm32cubeide_1.4.0/stm32cubeide/plugins/com.st.stm32cube.ide.mcu.externaltools.gnu-tools-for-stm32.9-2020-q2-update.win32_1.5.0.202011040924/tools/bin/../lib/gcc/arm-none-eabi/9.3.1/../../../../arm-none-eabi/lib/thumb/v7e-m+fp/hard\libc_nano.a(lib_a-memset.o)
                              c:/st/stm32cubeide_1.4.0/stm32cubeide/plugins/com.st.stm32cube.ide.mcu.externaltools.gnu-tools-for-stm32.9-2020-q2-update.win32_1.5.0.202011040924/tools/bin/../lib/gcc/arm-none-eabi/9.3.1/../../../../arm-none-eabi/lib/thumb/v7e-m+fp/hard/crt0.o (memset)
c:/st/stm32cubeide_1.4.0/stm32cubeide/plugins/com.st.stm32cube.ide.mcu.externaltools.gnu-tools-for-stm32.9-2020-q2-update.win32_1.5.0.202011040924/tools/bin/../lib/gcc/arm-none-eabi/9.3.1/../../../../arm-none-eabi/lib/thumb/v7e-m+fp/hard\libc_nano.a(lib_a-nano-vfprintf_float.o)
                              (_printf_float)
c:/st/stm32cubeide_1.4.0/stm32cubeide/plugins/com.st.stm32cube.ide.mcu.externaltools.gnu-tools-for-stm32.9-2020-q2-update.win32_1.5.0.202011040924/tools/bin/../lib/gcc/arm-none-eabi/9.3.1/../../../../arm-none-eabi/lib/thumb/v7e-m+fp/hard\libc_nano.a(lib_a-nano-vfprintf_i.o)
                              c:/st/stm32cubeide_1.4.0/stm32cubeide/plugins/com.st.stm32cube.ide.mcu.externaltools.gnu-tools-for-stm32.9-2020-q2-update.win32_1.5.0.202011040924/tools/bin/../lib/gcc/arm-none-eabi/9.3.1/../../../../arm-none-eabi/lib/thumb/v7e-m+fp/hard\libc_nano.a(lib_a-nano-vfprintf_float.o) (_printf_common)
c:/st/stm32cubeide_1.4.0/stm32cubeide/plugins/com.st.stm32cube.ide.mcu.externaltools.gnu-tools-for-stm32.9-2020-q2-update.win32_1.5.0.202011040924/tools/bin/../lib/gcc/arm-none-eabi/9.3.1/../../../../arm-none-eabi/lib/thumb/v7e-m+fp/hard\libc_nano.a(lib_a-sprintf.o)
                              Core/Src/main.o (sprintf)
c:/st/stm32cubeide_1.4.0/stm32cubeide/plugins/com.st.stm32cube.ide.mcu.externaltools.gnu-tools-for-stm32.9-2020-q2-update.win32_1.5.0.202011040924/tools/bin/../lib/gcc/arm-none-eabi/9.3.1/../../../../arm-none-eabi/lib/thumb/v7e-m+fp/hard\libc_nano.a(lib_a-strcat.o)
                              Core/Src/main.o (strcat)
[...]
Memory Configuration

Name             Origin             Length             Attributes
RAM              0x0000000020000000 0x0000000000018000 xrw
FLASH            0x0000000008000000 0x0000000000080000 xr
*default*        0x0000000000000000 0xffffffffffffffff

Linker script and memory map

LOAD c:/st/stm32cubeide_1.4.0/stm32cubeide/plugins/com.st.stm32cube.ide.mcu.externaltools.gnu-tools-for-stm32.9-2020-q2-update.win32_1.5.0.202011040924/tools/bin/../lib/gcc/arm-none-eabi/9.3.1/thumb/v7e-m+fp/hard/crti.o
LOAD c:/st/stm32cubeide_1.4.0/stm32cubeide/plugins/com.st.stm32cube.ide.mcu.externaltools.gnu-tools-for-stm32.9-2020-q2-update.win32_1.5.0.202011040924/tools/bin/../lib/gcc/arm-none-eabi/9.3.1/thumb/v7e-m+fp/hard/crtbegin.o
LOAD c:/st/stm32cubeide_1.4.0/stm32cubeide/plugins/com.st.stm32cube.ide.mcu.externaltools.gnu-tools-for-stm32.9-2020-q2-update.win32_1.5.0.202011040924/tools/bin/../lib/gcc/arm-none-eabi/9.3.1/../../../../arm-none-eabi/lib/thumb/v7e-m+fp/hard/crt0.o
LOAD Core/Src/MFRC522.o
LOAD Core/Src/RCFilter.o
LOAD Core/Src/freertos.o
LOAD Core/Src/main.o
LOAD Core/Src/mpu6050.o
LOAD Core/Src/stm32f4xx_hal_msp.o
LOAD Core/Src/stm32f4xx_hal_timebase_tim.o
LOAD Core/Src/stm32f4xx_it.o
LOAD Core/Src/syscalls.o
LOAD Core/Src/sysmem.o
LOAD Core/Src/system_stm32f4xx.o
LOAD Core/Startup/startup_stm32f401retx.o
LOAD Drivers/STM32F4xx_HAL_Driver/Src/stm32f4xx_hal.o
LOAD Drivers/STM32F4xx_HAL_Driver/Src/stm32f4xx_hal_adc.o
LOAD Drivers/STM32F4xx_HAL_Driver/Src/stm32f4xx_hal_adc_ex.o
LOAD Drivers/STM32F4xx_HAL_Driver/Src/stm32f4xx_hal_cortex.o
LOAD Drivers/STM32F4xx_HAL_Driver/Src/stm32f4xx_hal_dma.o
LOAD Drivers/STM32F4xx_HAL_Driver/Src/stm32f4xx_hal_dma_ex.o
LOAD Drivers/STM32F4xx_HAL_Driver/Src/stm32f4xx_hal_exti.o
LOAD Drivers/STM32F4xx_HAL_Driver/Src/stm32f4xx_hal_flash.o
LOAD Drivers/STM32F4xx_HAL_Driver/Src/stm32f4xx_hal_flash_ex.o
LOAD Drivers/STM32F4xx_HAL_Driver/Src/stm32f4xx_hal_flash_ramfunc.o
LOAD Drivers/STM32F4xx_HAL_Driver/Src/stm32f4xx_hal_gpio.o
LOAD Drivers/STM32F4xx_HAL_Driver/Src/stm32f4xx_hal_i2c.o
LOAD Drivers/STM32F4xx_HAL_Driver/Src/stm32f4xx_hal_i2c_ex.o
LOAD Drivers/STM32F4xx_HAL_Driver/Src/stm32f4xx_hal_pwr.o
LOAD Drivers/STM32F4xx_HAL_Driver/Src/stm32f4xx_hal_pwr_ex.o
LOAD Drivers/STM32F4xx_HAL_Driver/Src/stm32f4xx_hal_rcc.o
LOAD Drivers/STM32F4xx_HAL_Driver/Src/stm32f4xx_hal_rcc_ex.o
LOAD Drivers/STM32F4xx_HAL_Driver/Src/stm32f4xx_hal_spi.o
LOAD Drivers/STM32F4xx_HAL_Driver/Src/stm32f4xx_hal_tim.o
LOAD Drivers/STM32F4xx_HAL_Driver/Src/stm32f4xx_hal_tim_ex.o
LOAD Drivers/STM32F4xx_HAL_Driver/Src/stm32f4xx_hal_uart.o
LOAD Drivers/STM32F4xx_HAL_Driver/Src/stm32f4xx_ll_adc.o
LOAD FATFS/App/fatfs.o
LOAD FATFS/Target/user_diskio.o
LOAD FATFS/Target/user_diskio_spi.o
LOAD Middlewares/Third_Party/FatFs/src/diskio.o
LOAD Middlewares/Third_Party/FatFs/src/ff.o
LOAD Middlewares/Third_Party/FatFs/src/ff_gen_drv.o
LOAD Middlewares/Third_Party/FatFs/src/option/syscall.o
LOAD Middlewares/Third_Party/FreeRTOS/Source/CMSIS_RTOS_V2/cmsis_os2.o
LOAD Middlewares/Third_Party/FreeRTOS/Source/croutine.o
LOAD Middlewares/Third_Party/FreeRTOS/Source/event_groups.o
LOAD Middlewares/Third_Party/FreeRTOS/Source/list.o
LOAD Middlewares/Third_Party/FreeRTOS/Source/queue.o
LOAD Middlewares/Third_Party/FreeRTOS/Source/stream_buffer.o
LOAD Middlewares/Third_Party/FreeRTOS/Source/tasks.o
LOAD Middlewares/Third_Party/FreeRTOS/Source/timers.o
LOAD Middlewares/Third_Party/FreeRTOS/Source/portable/GCC/ARM_CM4F/port.o
LOAD Middlewares/Third_Party/FreeRTOS/Source/portable/MemMang/heap_4.o
START GROUP
LOAD c:/st/stm32cubeide_1.4.0/stm32cubeide/plugins/com.st.stm32cube.ide.mcu.externaltools.gnu-tools-for-stm32.9-2020-q2-update.win32_1.5.0.202011040924/tools/bin/../lib/gcc/arm-none-eabi/9.3.1/../../../../arm-none-eabi/lib/thumb/v7e-m+fp/hard\libc_nano.a
LOAD c:/st/stm32cubeide_1.4.0/stm32cubeide/plugins/com.st.stm32cube.ide.mcu.externaltools.gnu-tools-for-stm32.9-2020-q2-update.win32_1.5.0.202011040924/tools/bin/../lib/gcc/arm-none-eabi/9.3.1/../../../../arm-none-eabi/lib/thumb/v7e-m+fp/hard\libm.a
END GROUP
START GROUP
LOAD c:/st/stm32cubeide_1.4.0/stm32cubeide/plugins/com.st.stm32cube.ide.mcu.externaltools.gnu-tools-for-stm32.9-2020-q2-update.win32_1.5.0.202011040924/tools/bin/../lib/gcc/arm-none-eabi/9.3.1/thumb/v7e-m+fp/hard\libgcc.a
LOAD c:/st/stm32cubeide_1.4.0/stm32cubeide/plugins/com.st.stm32cube.ide.mcu.externaltools.gnu-tools-for-stm32.9-2020-q2-update.win32_1.5.0.202011040924/tools/bin/../lib/gcc/arm-none-eabi/9.3.1/../../../../arm-none-eabi/lib/thumb/v7e-m+fp/hard\libc_nano.a
END GROUP
START GROUP
LOAD c:/st/stm32cubeide_1.4.0/stm32cubeide/plugins/com.st.stm32cube.ide.mcu.externaltools.gnu-tools-for-stm32.9-2020-q2-update.win32_1.5.0.202011040924/tools/bin/../lib/gcc/arm-none-eabi/9.3.1/thumb/v7e-m+fp/hard\libgcc.a
LOAD c:/st/stm32cubeide_1.4.0/stm32cubeide/plugins/com.st.stm32cube.ide.mcu.externaltools.gnu-tools-for-stm32.9-2020-q2-update.win32_1.5.0.202011040924/tools/bin/../lib/gcc/arm-none-eabi/9.3.1/../../../../arm-none-eabi/lib/thumb/v7e-m+fp/hard\libc_nano.a
LOAD c:/st/stm32cubeide_1.4.0/stm32cubeide/plugins/com.st.stm32cube.ide.mcu.externaltools.gnu-tools-for-stm32.9-2020-q2-update.win32_1.5.0.202011040924/tools/bin/../lib/gcc/arm-none-eabi/9.3.1/../../../../arm-none-eabi/lib/thumb/v7e-m+fp/hard\libnosys.a
END GROUP
START GROUP
LOAD c:/st/stm32cubeide_1.4.0/stm32cubeide/plugins/com.st.stm32cube.ide.mcu.externaltools.gnu-tools-for-stm32.9-2020-q2-update.win32_1.5.0.202011040924/tools/bin/../lib/gcc/arm-none-eabi/9.3.1/thumb/v7e-m+fp/hard\libgcc.a
LOAD c:/st/stm32cubeide_1.4.0/stm32cubeide/plugins/com.st.stm32cube.ide.mcu.externaltools.gnu-tools-for-stm32.9-2020-q2-update.win32_1.5.0.202011040924/tools/bin/../lib/gcc/arm-none-eabi/9.3.1/../../../../arm-none-eabi/lib/thumb/v7e-m+fp/hard\libc_nano.a
LOAD c:/st/stm32cubeide_1.4.0/stm32cubeide/plugins/com.st.stm32cube.ide.mcu.externaltools.gnu-tools-for-stm32.9-2020-q2-update.win32_1.5.0.202011040924/tools/bin/../lib/gcc/arm-none-eabi/9.3.1/../../../../arm-none-eabi/lib/thumb/v7e-m+fp/hard\libnosys.a
END GROUP
LOAD c:/st/stm32cubeide_1.4.0/stm32cubeide/plugins/com.st.stm32cube.ide.mcu.externaltools.gnu-tools-for-stm32.9-2020-q2-update.win32_1.5.0.202011040924/tools/bin/../lib/gcc/arm-none-eabi/9.3.1/thumb/v7e-m+fp/hard/crtend.o
LOAD c:/st/stm32cubeide_1.4.0/stm32cubeide/plugins/com.st.stm32cube.ide.mcu.externaltools.gnu-tools-for-stm32.9-2020-q2-update.win32_1.5.0.202011040924/tools/bin/../lib/gcc/arm-none-eabi/9.3.1/thumb/v7e-m+fp/hard/crtn.o
                0x0000000020018000                _estack = (ORIGIN (RAM) + LENGTH (RAM))
                0x0000000000000200                _Min_Heap_Size = 0x200
                0x0000000000000400                _Min_Stack_Size = 0x400

.isr_vector     0x0000000008000000      0x194
                0x0000000008000000                . = ALIGN (0x4)
 *(.isr_vector)
 .isr_vector    0x0000000008000000      0x194 Core/Startup/startup_stm32f401retx.o
                0x0000000008000000                g_pfnVectors
                0x0000000008000194                . = ALIGN (0x4)

.text           0x00000000080001a0    0x12cd0
                0x00000000080001a0                . = ALIGN (0x4)
 *(.text)
 .text          0x00000000080001a0       0x40 c:/st/stm32cubeide_1.4.0/stm32cubeide/plugins/com.st.stm32cube.ide.mcu.externaltools.gnu-tools-for-stm32.9-2020-q2-update.win32_1.5.0.202011040924/tools/bin/../lib/gcc/arm-none-eabi/9.3.1/thumb/v7e-m+fp/hard/crtbegin.o
 .text          0x00000000080001e0       0x10 c:/st/stm32cubeide_1.4.0/stm32cubeide/plugins/com.st.stm32cube.ide.mcu.externaltools.gnu-tools-for-stm32.9-2020-q2-update.win32_1.5.0.202011040924/tools/bin/../lib/gcc/arm-none-eabi/9.3.1/../../../../arm-none-eabi/lib/thumb/v7e-m+fp/hard\libc_nano.a(lib_a-strlen.o)
                0x00000000080001e0                strlen
 .text          0x00000000080001f0       0xa0 c:/st/stm32cubeide_1.4.0/stm32cubeide/plugins/com.st.stm32cube.ide.mcu.externaltools.gnu-tools-for-stm32.9-2020-q2-update.win32_1.5.0.202011040924/tools/bin/../lib/gcc/arm-none-eabi/9.3.1/../../../../arm-none-eabi/lib/thumb/v7e-m+fp/hard\libc_nano.a(lib_a-memchr.o)
                0x00000000080001f0                memchr
 .text          0x0000000008000290      0x378 c:/st/stm32cubeide_1.4.0/stm32cubeide/plugins/com.st.stm32cube.ide.mcu.externaltools.gnu-tools-for-stm32.9-2020-q2-update.win32_1.5.0.202011040924/tools/bin/../lib/gcc/arm-none-eabi/9.3.1/thumb/v7e-m+fp/hard\libgcc.a(_arm_addsubdf3.o)
                0x0000000008000290                __aeabi_drsub
                0x0000000008000298                __aeabi_dsub
                0x0000000008000298                __subdf3
                0x000000000800029c                __aeabi_dadd
                0x000000000800029c                __adddf3
                0x0000000008000514                __floatunsidf
                0x0000000008000514                __aeabi_ui2d
                0x0000000008000534                __floatsidf
                0x0000000008000534                __aeabi_i2d
                0x0000000008000558                __aeabi_f2d
                0x0000000008000558                __extendsfdf2
                0x000000000800059c                __floatundidf
                0x000000000800059c                __aeabi_ul2d
                0x00000000080005ac                __floatdidf
                0x00000000080005ac                __aeabi_l2d
 .text          0x0000000008000608      0x424 c:/st/stm32cubeide_1.4.0/stm32cubeide/plugins/com.st.stm32cube.ide.mcu.externaltools.gnu-tools-for-stm32.9-2020-q2-update.win32_1.5.0.202011040924/tools/bin/../lib/gcc/arm-none-eabi/9.3.1/thumb/v7e-m+fp/hard\libgcc.a(_arm_muldivdf3.o)
                0x0000000008000608                __aeabi_dmul
                0x0000000008000608                __muldf3
                0x000000000800085c                __divdf3
                0x000000000800085c                __aeabi_ddiv
 .text          0x0000000008000a2c      0x110 c:/st/stm32cubeide_1.4.0/stm32cubeide/plugins/com.st.stm32cube.ide.mcu.externaltools.gnu-tools-for-stm32.9-2020-q2-update.win32_1.5.0.202011040924/tools/bin/../lib/gcc/arm-none-eabi/9.3.1/thumb/v7e-m+fp/hard\libgcc.a(_arm_cmpdf2.o)
                0x0000000008000a2c                __gtdf2
                0x0000000008000a2c                __gedf2
                0x0000000008000a34                __ltdf2
                0x0000000008000a34                __ledf2
                0x0000000008000a3c                __nedf2
                0x0000000008000a3c                __eqdf2
                0x0000000008000a3c                __cmpdf2
                0x0000000008000ab8                __aeabi_cdrcmple
                0x0000000008000ac8                __aeabi_cdcmpeq
                0x0000000008000ac8                __aeabi_cdcmple
                0x0000000008000ad8                __aeabi_dcmpeq
                0x0000000008000aec                __aeabi_dcmplt
                0x0000000008000b00                __aeabi_dcmple
                0x0000000008000b14                __aeabi_dcmpge
                0x0000000008000b28                __aeabi_dcmpgt
 .text          0x0000000008000b3c       0x2c c:/st/stm32cubeide_1.4.0/stm32cubeide/plugins/com.st.stm32cube.ide.mcu.externaltools.gnu-tools-for-stm32.9-2020-q2-update.win32_1.5.0.202011040924/tools/bin/../lib/gcc/arm-none-eabi/9.3.1/thumb/v7e-m+fp/hard\libgcc.a(_arm_unorddf2.o)
                0x0000000008000b3c                __unorddf2
                0x0000000008000b3c                __aeabi_dcmpun
 .text          0x0000000008000b68       0x50 c:/st/stm32cubeide_1.4.0/stm32cubeide/plugins/com.st.stm32cube.ide.mcu.externaltools.gnu-tools-for-stm32.9-2020-q2-update.win32_1.5.0.202011040924/tools/bin/../lib/gcc/arm-none-eabi/9.3.1/thumb/v7e-m+fp/hard\libgcc.a(_arm_fixdfsi.o)
                0x0000000008000b68                __aeabi_d2iz
                0x0000000008000b68                __fixdfsi
 .text          0x0000000008000bb8       0x40 c:/st/stm32cubeide_1.4.0/stm32cubeide/plugins/com.st.stm32cube.ide.mcu.externaltools.gnu-tools-for-stm32.9-2020-q2-update.win32_1.5.0.202011040924/tools/bin/../lib/gcc/arm-none-eabi/9.3.1/thumb/v7e-m+fp/hard\libgcc.a(_arm_fixunsdfsi.o)
                0x0000000008000bb8                __aeabi_d2uiz
                0x0000000008000bb8                __fixunsdfsi
 .text          0x0000000008000bf8       0xa0 c:/st/stm32cubeide_1.4.0/stm32cubeide/plugins/com.st.stm32cube.ide.mcu.externaltools.gnu-tools-for-stm32.9-2020-q2-update.win32_1.5.0.202011040924/tools/bin/../lib/gcc/arm-none-eabi/9.3.1/thumb/v7e-m+fp/hard\libgcc.a(_arm_truncdfsf2.o)
                0x0000000008000bf8                __truncdfsf2
                0x0000000008000bf8                __aeabi_d2f
 .text          0x0000000008000c98       0x30 c:/st/stm32cubeide_1.4.0/stm32cubeide/plugins/com.st.stm32cube.ide.mcu.externaltools.gnu-tools-for-stm32.9-2020-q2-update.win32_1.5.0.202011040924/tools/bin/../lib/gcc/arm-none-eabi/9.3.1/thumb/v7e-m+fp/hard\libgcc.a(_aeabi_uldivmod.o)
                0x0000000008000c98                __aeabi_uldivmod
 .text          0x0000000008000cc8       0x30 c:/st/stm32cubeide_1.4.0/stm32cubeide/plugins/com.st.stm32cube.ide.mcu.externaltools.gnu-tools-for-stm32.9-2020-q2-update.win32_1.5.0.202011040924/tools/bin/../lib/gcc/arm-none-eabi/9.3.1/thumb/v7e-m+fp/hard\libgcc.a(_fixdfdi.o)
                0x0000000008000cc8                __fixdfdi
                0x0000000008000cc8                __aeabi_d2lz
 .text          0x0000000008000cf8       0x3c c:/st/stm32cubeide_1.4.0/stm32cubeide/plugins/com.st.stm32cube.ide.mcu.externaltools.gnu-tools-for-stm32.9-2020-q2-update.win32_1.5.0.202011040924/tools/bin/../lib/gcc/arm-none-eabi/9.3.1/thumb/v7e-m+fp/hard\libgcc.a(_fixunsdfdi.o)
                0x0000000008000cf8                __fixunsdfdi
                0x0000000008000cf8                __aeabi_d2ulz
 .text          0x0000000008000d34      0x2c4 c:/st/stm32cubeide_1.4.0/stm32cubeide/plugins/com.st.stm32cube.ide.mcu.externaltools.gnu-tools-for-stm32.9-2020-q2-update.win32_1.5.0.202011040924/tools/bin/../lib/gcc/arm-none-eabi/9.3.1/thumb/v7e-m+fp/hard\libgcc.a(_udivmoddi4.o)
                0x0000000008000d34                __udivmoddi4
 .text          0x0000000008000ff8        0x4 c:/st/stm32cubeide_1.4.0/stm32cubeide/plugins/com.st.stm32cube.ide.mcu.externaltools.gnu-tools-for-stm32.9-2020-q2-update.win32_1.5.0.202011040924/tools/bin/../lib/gcc/arm-none-eabi/9.3.1/thumb/v7e-m+fp/hard\libgcc.a(_dvmd_tls.o)
                0x0000000008000ff8                __aeabi_idiv0
                0x0000000008000ff8                __aeabi_ldiv0
 *(.text*)
 .text.Write_MFRC522
                0x0000000008000ffc       0x60 Core/Src/MFRC522.o
                0x0000000008000ffc                Write_MFRC522
 .text.Read_MFRC522
                0x000000000800105c       0x68 Core/Src/MFRC522.o
                0x000000000800105c                Read_MFRC522
 .text.SetBitMask
                0x00000000080010c4       0x36 Core/Src/MFRC522.o
                0x00000000080010c4                SetBitMask
 .text.ClearBitMask
                0x00000000080010fa       0x40 Core/Src/MFRC522.o
                0x00000000080010fa                ClearBitMask
 .text.AntennaOn
                0x000000000800113a       0x10 Core/Src/MFRC522.o
                0x000000000800113a                AntennaOn
 .text.MFRC522_Reset
                0x000000000800114a       0x10 Core/Src/MFRC522.o
                0x000000000800114a                MFRC522_Reset
 *fill*         0x000000000800115a        0x2 
 .text.MFRC522_Init
                0x000000000800115c       0x58 Core/Src/MFRC522.o
                0x000000000800115c                MFRC522_Init
 .text.MFRC522_Request
                0x00000000080011b4       0x4a Core/Src/MFRC522.o
                0x00000000080011b4                MFRC522_Request
 .text.MFRC522_ToCard
                0x00000000080011fe      0x192 Core/Src/MFRC522.o
                0x00000000080011fe                MFRC522_ToCard
 .text.MFRC522_Anticoll
                0x0000000008001390       0x7a Core/Src/MFRC522.o
                0x0000000008001390                MFRC522_Anticoll
 *fill*         0x000000000800140a        0x6 
 .text.RCFilter_Init
                0x0000000008001410       0xac Core/Src/RCFilter.o
                0x0000000008001410                RCFilter_Init
 .text.RCFilter_Update
                0x00000000080014bc       0x52 Core/Src/RCFilter.o
                0x00000000080014bc                RCFilter_Update
 .text.MovAvgFilter_init
                0x000000000800150e       0x40 Core/Src/RCFilter.o
                0x000000000800150e                MovAvgFilter_init
 *fill*         0x000000000800154e        0x2 
 .text.MovAvgFilter_Update
                0x0000000008001550       0xa0 Core/Src/RCFilter.o
                0x0000000008001550                MovAvgFilter_Update
 .text.nmea0183_checksum
                0x00000000080015f0       0x46 Core/Src/main.o
                0x00000000080015f0                nmea0183_checksum
 *fill*         0x0000000008001636        0x2 
 .text.HAL_ADC_ConvCpltCallback
                0x0000000008001638       0x4c Core/Src/main.o
                0x0000000008001638                HAL_ADC_ConvCpltCallback
 .text.myprintf
                0x0000000008001684       0x4c Core/Src/main.o
                0x0000000008001684                myprintf
 .text.main     0x00000000080016d0      0x160 Core/Src/main.o
                0x00000000080016d0                main
 .text.SystemClock_Config
                0x0000000008001830       0xd8 Core/Src/main.o
                0x0000000008001830                SystemClock_Config
 .text.MX_ADC1_Init
                0x0000000008001908       0xdc Core/Src/main.o
 .text.MX_I2C1_Init
                0x00000000080019e4       0x5c Core/Src/main.o
 .text.MX_SPI1_Init
                0x0000000008001a40       0x6c Core/Src/main.o
 .text.MX_USART1_UART_Init
                0x0000000008001aac       0x54 Core/Src/main.o
 .text.MX_USART2_UART_Init
                0x0000000008001b00       0x54 Core/Src/main.o
 .text.MX_DMA_Init
                0x0000000008001b54       0x50 Core/Src/main.o
 .text.MX_GPIO_Init
                0x0000000008001ba4      0x140 Core/Src/main.o
 .text.MainProcess
                0x0000000008001ce4      0x150 Core/Src/main.o
                0x0000000008001ce4                MainProcess
 .text.IMU      0x0000000008001e34       0x94 Core/Src/main.o
                0x0000000008001e34                IMU
 .text.GPS      0x0000000008001ec8      0x5f0 Core/Src/main.o
                0x0000000008001ec8                GPS
 .text.RFID     0x00000000080024b8      0x160 Core/Src/main.o
                0x00000000080024b8                RFID
 .text.SDCard   0x0000000008002618      0x1d4 Core/Src/main.o
                0x0000000008002618                SDCard
 *fill*         0x00000000080027ec        0x4 
 .text.ADCProcesing
                0x00000000080027f0      0x178 Core/Src/main.o
                0x00000000080027f0                ADCProcesing
 .text.PowManagement
                0x0000000008002968       0xc8 Core/Src/main.o
                0x0000000008002968                PowManagement
 .text.Ignition
                0x0000000008002a30       0x54 Core/Src/main.o
                0x0000000008002a30                Ignition
 .text.HAL_TIM_PeriodElapsedCallback
                0x0000000008002a84       0x24 Core/Src/main.o
                0x0000000008002a84                HAL_TIM_PeriodElapsedCallback
 .text.Error_Handler
                0x0000000008002aa8        0xa Core/Src/main.o
                0x0000000008002aa8                Error_Handler
 .text.MPU6050_Init
                0x0000000008002ab2       0xf0 Core/Src/mpu6050.o
                0x0000000008002ab2                MPU6050_Init
 *fill*         0x0000000008002ba2        0x6 
 .text.MPU6050_Read_Accel
                0x0000000008002ba8      0x10c Core/Src/mpu6050.o
                0x0000000008002ba8                MPU6050_Read_Accel
 .text.HAL_MspInit
                0x0000000008002cb4       0x58 Core/Src/stm32f4xx_hal_msp.o
                0x0000000008002cb4                HAL_MspInit
 .text.HAL_ADC_MspInit
                0x0000000008002d0c      0x128 Core/Src/stm32f4xx_hal_msp.o
                0x0000000008002d0c                HAL_ADC_MspInit
 .text.HAL_I2C_MspInit
                0x0000000008002e34       0x90 Core/Src/stm32f4xx_hal_msp.o
                0x0000000008002e34                HAL_I2C_MspInit
 .text.HAL_SPI_MspInit
                0x0000000008002ec4       0x90 Core/Src/stm32f4xx_hal_msp.o
                0x0000000008002ec4                HAL_SPI_MspInit
 .text.HAL_UART_MspInit
                0x0000000008002f54      0x170 Core/Src/stm32f4xx_hal_msp.o
                0x0000000008002f54                HAL_UART_MspInit
 .text.HAL_InitTick
                0x00000000080030c4       0xb0 Core/Src/stm32f4xx_hal_timebase_tim.o
                0x00000000080030c4                HAL_InitTick
 .text.NMI_Handler
                0x0000000008003174        0x6 Core/Src/stm32f4xx_it.o
                0x0000000008003174                NMI_Handler
 .text.HardFault_Handler
                0x000000000800317a        0x6 Core/Src/stm32f4xx_it.o
                0x000000000800317a                HardFault_Handler
 .text.MemManage_Handler
                0x0000000008003180        0x6 Core/Src/stm32f4xx_it.o
                0x0000000008003180                MemManage_Handler
 .text.BusFault_Handler
                0x0000000008003186        0x6 Core/Src/stm32f4xx_it.o
                0x0000000008003186                BusFault_Handler
 .text.UsageFault_Handler
                0x000000000800318c        0x6 Core/Src/stm32f4xx_it.o
                0x000000000800318c                UsageFault_Handler
 .text.DebugMon_Handler
                0x0000000008003192        0xe Core/Src/stm32f4xx_it.o
                0x0000000008003192                DebugMon_Handler
 .text.TIM1_UP_TIM10_IRQHandler
                0x00000000080031a0       0x14 Core/Src/stm32f4xx_it.o
                0x00000000080031a0                TIM1_UP_TIM10_IRQHandler
 .text.USART1_IRQHandler
                0x00000000080031b4       0x14 Core/Src/stm32f4xx_it.o
                0x00000000080031b4                USART1_IRQHandler
 .text.DMA2_Stream0_IRQHandler
                0x00000000080031c8       0x14 Core/Src/stm32f4xx_it.o
                0x00000000080031c8                DMA2_Stream0_IRQHandler
 .text.DMA2_Stream2_IRQHandler
                0x00000000080031dc       0x14 Core/Src/stm32f4xx_it.o
                0x00000000080031dc                DMA2_Stream2_IRQHandler
 .text._getpid  0x00000000080031f0       0x10 Core/Src/syscalls.o
                0x00000000080031f0                _getpid
 .text._kill    0x0000000008003200       0x20 Core/Src/syscalls.o
                0x0000000008003200                _kill
 .text._exit    0x0000000008003220       0x14 Core/Src/syscalls.o
                0x0000000008003220                _exit
 .text._read    0x0000000008003234       0x3a Core/Src/syscalls.o
                0x0000000008003234                _read
 .text._write   0x000000000800326e       0x38 Core/Src/syscalls.o
                0x000000000800326e                _write
 .text._close   0x00000000080032a6       0x18 Core/Src/syscalls.o
                0x00000000080032a6                _close
 .text._fstat   0x00000000080032be       0x20 Core/Src/syscalls.o
                0x00000000080032be                _fstat
 .text._isatty  0x00000000080032de       0x16 Core/Src/syscalls.o
                0x00000000080032de                _isatty
 .text._lseek   0x00000000080032f4       0x1a Core/Src/syscalls.o
                0x00000000080032f4                _lseek
 *fill*         0x000000000800330e        0x2 
 .text._sbrk    0x0000000008003310       0x6c Core/Src/sysmem.o
                0x0000000008003310                _sbrk
 .text.SystemInit
                0x000000000800337c       0x24 Core/Src/system_stm32f4xx.o
                0x000000000800337c                SystemInit
 .text.Reset_Handler
                0x00000000080033a0       0x50 Core/Startup/startup_stm32f401retx.o
                0x00000000080033a0                Reset_Handler
 .text.Default_Handler
                0x00000000080033f0        0x2 Core/Startup/startup_stm32f401retx.o
                0x00000000080033f0                RTC_Alarm_IRQHandler
                0x00000000080033f0                EXTI2_IRQHandler
                0x00000000080033f0                SPI4_IRQHandler
                0x00000000080033f0                TIM1_CC_IRQHandler
                0x00000000080033f0                DMA2_Stream5_IRQHandler
                0x00000000080033f0                DMA1_Stream5_IRQHandler
                0x00000000080033f0                PVD_IRQHandler
                0x00000000080033f0                SDIO_IRQHandler
                0x00000000080033f0                TAMP_STAMP_IRQHandler
                0x00000000080033f0                EXTI3_IRQHandler
                0x00000000080033f0                I2C3_ER_IRQHandler
                0x00000000080033f0                EXTI0_IRQHandler
                0x00000000080033f0                I2C2_EV_IRQHandler
                0x00000000080033f0                DMA1_Stream2_IRQHandler
                0x00000000080033f0                FPU_IRQHandler
                0x00000000080033f0                SPI1_IRQHandler
                0x00000000080033f0                TIM1_BRK_TIM9_IRQHandler
                0x00000000080033f0                DMA2_Stream3_IRQHandler
                0x00000000080033f0                USART6_IRQHandler
                0x00000000080033f0                TIM4_IRQHandler
                0x00000000080033f0                I2C1_EV_IRQHandler
                0x00000000080033f0                DMA1_Stream6_IRQHandler
                0x00000000080033f0                DMA1_Stream1_IRQHandler
                0x00000000080033f0                TIM3_IRQHandler
                0x00000000080033f0                RCC_IRQHandler
                0x00000000080033f0                Default_Handler
                0x00000000080033f0                EXTI15_10_IRQHandler
                0x00000000080033f0                ADC_IRQHandler
                0x00000000080033f0                DMA1_Stream7_IRQHandler
                0x00000000080033f0                TIM5_IRQHandler
                0x00000000080033f0                DMA2_Stream7_IRQHandler
                0x00000000080033f0                I2C3_EV_IRQHandler
                0x00000000080033f0                EXTI9_5_IRQHandler
                0x00000000080033f0                RTC_WKUP_IRQHandler
                0x00000000080033f0                SPI2_IRQHandler
                0x00000000080033f0                DMA1_Stream0_IRQHandler
                0x00000000080033f0                EXTI4_IRQHandler
                0x00000000080033f0                WWDG_IRQHandler
                0x00000000080033f0                TIM2_IRQHandler
                0x00000000080033f0                OTG_FS_WKUP_IRQHandler
                0x00000000080033f0                TIM1_TRG_COM_TIM11_IRQHandler
                0x00000000080033f0                EXTI1_IRQHandler
                0x00000000080033f0                USART2_IRQHandler
                0x00000000080033f0                I2C2_ER_IRQHandler
                0x00000000080033f0                DMA2_Stream1_IRQHandler
                0x00000000080033f0                FLASH_IRQHandler
                0x00000000080033f0                DMA2_Stream4_IRQHandler
                0x00000000080033f0                OTG_FS_IRQHandler
                0x00000000080033f0                SPI3_IRQHandler
                0x00000000080033f0                DMA1_Stream4_IRQHandler
                0x00000000080033f0                I2C1_ER_IRQHandler
                0x00000000080033f0                DMA2_Stream6_IRQHandler
                0x00000000080033f0                DMA1_Stream3_IRQHandler
 *fill*         0x00000000080033f2        0x2 
 .text.HAL_Init
                0x00000000080033f4       0x44 Drivers/STM32F4xx_HAL_Driver/Src/stm32f4xx_hal.o
                0x00000000080033f4                HAL_Init
 .text.HAL_IncTick
                0x0000000008003438       0x28 Drivers/STM32F4xx_HAL_Driver/Src/stm32f4xx_hal.o
                0x0000000008003438                HAL_IncTick
 .text.HAL_GetTick
                0x0000000008003460       0x18 Drivers/STM32F4xx_HAL_Driver/Src/stm32f4xx_hal.o
                0x0000000008003460                HAL_GetTick
 .text.HAL_Delay
                0x0000000008003478       0x48 Drivers/STM32F4xx_HAL_Driver/Src/stm32f4xx_hal.o
                0x0000000008003478                HAL_Delay
 .text.HAL_ADC_Init
                0x00000000080034c0       0x86 Drivers/STM32F4xx_HAL_Driver/Src/stm32f4xx_hal_adc.o
                0x00000000080034c0                HAL_ADC_Init
 *fill*         0x0000000008003546        0x2 
 .text.HAL_ADC_Start_DMA
                0x0000000008003548      0x1e0 Drivers/STM32F4xx_HAL_Driver/Src/stm32f4xx_hal_adc.o
                0x0000000008003548                HAL_ADC_Start_DMA
 .text.HAL_ADC_ConvHalfCpltCallback
                0x0000000008003728       0x14 Drivers/STM32F4xx_HAL_Driver/Src/stm32f4xx_hal_adc.o
                0x0000000008003728                HAL_ADC_ConvHalfCpltCallback
 .text.HAL_ADC_ErrorCallback
                0x000000000800373c       0x14 Drivers/STM32F4xx_HAL_Driver/Src/stm32f4xx_hal_adc.o
                0x000000000800373c                HAL_ADC_ErrorCallback
 .text.HAL_ADC_ConfigChannel
                0x0000000008003750      0x244 Drivers/STM32F4xx_HAL_Driver/Src/stm32f4xx_hal_adc.o
                0x0000000008003750                HAL_ADC_ConfigChannel
 .text.ADC_Init
                0x0000000008003994      0x1f8 Drivers/STM32F4xx_HAL_Driver/Src/stm32f4xx_hal_adc.o
 .text.ADC_DMAConvCplt
                0x0000000008003b8c       0xba Drivers/STM32F4xx_HAL_Driver/Src/stm32f4xx_hal_adc.o
 .text.ADC_DMAHalfConvCplt
                0x0000000008003c46       0x1c Drivers/STM32F4xx_HAL_Driver/Src/stm32f4xx_hal_adc.o
 .text.ADC_DMAError
                0x0000000008003c62       0x2e Drivers/STM32F4xx_HAL_Driver/Src/stm32f4xx_hal_adc.o
 .text.__NVIC_SetPriorityGrouping
                0x0000000008003c90       0x48 Drivers/STM32F4xx_HAL_Driver/Src/stm32f4xx_hal_cortex.o
 .text.__NVIC_GetPriorityGrouping
                0x0000000008003cd8       0x1c Drivers/STM32F4xx_HAL_Driver/Src/stm32f4xx_hal_cortex.o
 .text.__NVIC_EnableIRQ
                0x0000000008003cf4       0x3c Drivers/STM32F4xx_HAL_Driver/Src/stm32f4xx_hal_cortex.o
 .text.__NVIC_SetPriority
                0x0000000008003d30       0x54 Drivers/STM32F4xx_HAL_Driver/Src/stm32f4xx_hal_cortex.o
 .text.NVIC_EncodePriority
                0x0000000008003d84       0x66 Drivers/STM32F4xx_HAL_Driver/Src/stm32f4xx_hal_cortex.o
 .text.HAL_NVIC_SetPriorityGrouping
                0x0000000008003dea       0x16 Drivers/STM32F4xx_HAL_Driver/Src/stm32f4xx_hal_cortex.o
                0x0000000008003dea                HAL_NVIC_SetPriorityGrouping
 .text.HAL_NVIC_SetPriority
                0x0000000008003e00       0x38 Drivers/STM32F4xx_HAL_Driver/Src/stm32f4xx_hal_cortex.o
                0x0000000008003e00                HAL_NVIC_SetPriority
 .text.HAL_NVIC_EnableIRQ
                0x0000000008003e38       0x1c Drivers/STM32F4xx_HAL_Driver/Src/stm32f4xx_hal_cortex.o
                0x0000000008003e38                HAL_NVIC_EnableIRQ
 .text.HAL_DMA_Init
                0x0000000008003e54      0x15c Drivers/STM32F4xx_HAL_Driver/Src/stm32f4xx_hal_dma.o
                0x0000000008003e54                HAL_DMA_Init
 .text.HAL_DMA_Start_IT
                0x0000000008003fb0       0xb0 Drivers/STM32F4xx_HAL_Driver/Src/stm32f4xx_hal_dma.o
                0x0000000008003fb0                HAL_DMA_Start_IT
 .text.HAL_DMA_Abort
                0x0000000008004060       0xe0 Drivers/STM32F4xx_HAL_Driver/Src/stm32f4xx_hal_dma.o
                0x0000000008004060                HAL_DMA_Abort
 .text.HAL_DMA_Abort_IT
                0x0000000008004140       0x44 Drivers/STM32F4xx_HAL_Driver/Src/stm32f4xx_hal_dma.o
                0x0000000008004140                HAL_DMA_Abort_IT
 .text.HAL_DMA_IRQHandler
                0x0000000008004184      0x314 Drivers/STM32F4xx_HAL_Driver/Src/stm32f4xx_hal_dma.o
                0x0000000008004184                HAL_DMA_IRQHandler
 .text.DMA_SetConfig
                0x0000000008004498       0x5c Drivers/STM32F4xx_HAL_Driver/Src/stm32f4xx_hal_dma.o
 .text.DMA_CalcBaseAndBitshift
                0x00000000080044f4       0x6c Drivers/STM32F4xx_HAL_Driver/Src/stm32f4xx_hal_dma.o
 .text.DMA_CheckFifoParam
                0x0000000008004560       0xf8 Drivers/STM32F4xx_HAL_Driver/Src/stm32f4xx_hal_dma.o
 .text.HAL_GPIO_Init
                0x0000000008004658      0x308 Drivers/STM32F4xx_HAL_Driver/Src/stm32f4xx_hal_gpio.o
                0x0000000008004658                HAL_GPIO_Init
 .text.HAL_GPIO_ReadPin
                0x0000000008004960       0x30 Drivers/STM32F4xx_HAL_Driver/Src/stm32f4xx_hal_gpio.o
                0x0000000008004960                HAL_GPIO_ReadPin
 .text.HAL_GPIO_WritePin
                0x0000000008004990       0x32 Drivers/STM32F4xx_HAL_Driver/Src/stm32f4xx_hal_gpio.o
                0x0000000008004990                HAL_GPIO_WritePin
 *fill*         0x00000000080049c2        0x2 
 .text.HAL_I2C_Init
                0x00000000080049c4      0x288 Drivers/STM32F4xx_HAL_Driver/Src/stm32f4xx_hal_i2c.o
                0x00000000080049c4                HAL_I2C_Init
 .text.HAL_I2C_Mem_Write
                0x0000000008004c4c      0x1f4 Drivers/STM32F4xx_HAL_Driver/Src/stm32f4xx_hal_i2c.o
                0x0000000008004c4c                HAL_I2C_Mem_Write
 .text.HAL_I2C_Mem_Read
                0x0000000008004e40      0x44c Drivers/STM32F4xx_HAL_Driver/Src/stm32f4xx_hal_i2c.o
                0x0000000008004e40                HAL_I2C_Mem_Read
 .text.I2C_RequestMemoryWrite
                0x000000000800528c      0x12c Drivers/STM32F4xx_HAL_Driver/Src/stm32f4xx_hal_i2c.o
 .text.I2C_RequestMemoryRead
                0x00000000080053b8      0x1d0 Drivers/STM32F4xx_HAL_Driver/Src/stm32f4xx_hal_i2c.o
 .text.I2C_WaitOnFlagUntilTimeout
                0x0000000008005588       0xae Drivers/STM32F4xx_HAL_Driver/Src/stm32f4xx_hal_i2c.o
 .text.I2C_WaitOnMasterAddressFlagUntilTimeout
                0x0000000008005636       0xfe Drivers/STM32F4xx_HAL_Driver/Src/stm32f4xx_hal_i2c.o
 .text.I2C_WaitOnTXEFlagUntilTimeout
                0x0000000008005734       0x82 Drivers/STM32F4xx_HAL_Driver/Src/stm32f4xx_hal_i2c.o
 .text.I2C_WaitOnBTFFlagUntilTimeout
                0x00000000080057b6       0x82 Drivers/STM32F4xx_HAL_Driver/Src/stm32f4xx_hal_i2c.o
 .text.I2C_WaitOnRXNEFlagUntilTimeout
                0x0000000008005838       0xac Drivers/STM32F4xx_HAL_Driver/Src/stm32f4xx_hal_i2c.o
 .text.I2C_IsAcknowledgeFailed
                0x00000000080058e4       0x5e Drivers/STM32F4xx_HAL_Driver/Src/stm32f4xx_hal_i2c.o
 *fill*         0x0000000008005942        0x2 
 .text.HAL_RCC_OscConfig
                0x0000000008005944      0x4f0 Drivers/STM32F4xx_HAL_Driver/Src/stm32f4xx_hal_rcc.o
                0x0000000008005944                HAL_RCC_OscConfig
 .text.HAL_RCC_ClockConfig
                0x0000000008005e34      0x1cc Drivers/STM32F4xx_HAL_Driver/Src/stm32f4xx_hal_rcc.o
                0x0000000008005e34                HAL_RCC_ClockConfig
 .text.HAL_RCC_GetSysClockFreq
                0x0000000008006000      0x1c4 Drivers/STM32F4xx_HAL_Driver/Src/stm32f4xx_hal_rcc.o
                0x0000000008006000                HAL_RCC_GetSysClockFreq
 .text.HAL_RCC_GetHCLKFreq
                0x00000000080061c4       0x18 Drivers/STM32F4xx_HAL_Driver/Src/stm32f4xx_hal_rcc.o
                0x00000000080061c4                HAL_RCC_GetHCLKFreq
 .text.HAL_RCC_GetPCLK1Freq
                0x00000000080061dc       0x28 Drivers/STM32F4xx_HAL_Driver/Src/stm32f4xx_hal_rcc.o
                0x00000000080061dc                HAL_RCC_GetPCLK1Freq
 .text.HAL_RCC_GetPCLK2Freq
                0x0000000008006204       0x28 Drivers/STM32F4xx_HAL_Driver/Src/stm32f4xx_hal_rcc.o
                0x0000000008006204                HAL_RCC_GetPCLK2Freq
 .text.HAL_RCC_GetClockConfig
                0x000000000800622c       0x64 Drivers/STM32F4xx_HAL_Driver/Src/stm32f4xx_hal_rcc.o
                0x000000000800622c                HAL_RCC_GetClockConfig
 .text.HAL_SPI_Init
                0x0000000008006290      0x112 Drivers/STM32F4xx_HAL_Driver/Src/stm32f4xx_hal_spi.o
                0x0000000008006290                HAL_SPI_Init
 .text.HAL_SPI_Transmit
                0x00000000080063a2      0x278 Drivers/STM32F4xx_HAL_Driver/Src/stm32f4xx_hal_spi.o
                0x00000000080063a2                HAL_SPI_Transmit
 .text.HAL_SPI_Receive
                0x000000000800661a      0x222 Drivers/STM32F4xx_HAL_Driver/Src/stm32f4xx_hal_spi.o
                0x000000000800661a                HAL_SPI_Receive
 .text.HAL_SPI_TransmitReceive
                0x000000000800683c      0x344 Drivers/STM32F4xx_HAL_Driver/Src/stm32f4xx_hal_spi.o
                0x000000000800683c                HAL_SPI_TransmitReceive
 .text.SPI_WaitFlagStateUntilTimeout
                0x0000000008006b80      0x110 Drivers/STM32F4xx_HAL_Driver/Src/stm32f4xx_hal_spi.o
 .text.SPI_EndRxTransaction
                0x0000000008006c90       0xca Drivers/STM32F4xx_HAL_Driver/Src/stm32f4xx_hal_spi.o
 *fill*         0x0000000008006d5a        0x2 
 .text.SPI_EndRxTxTransaction
                0x0000000008006d5c       0x84 Drivers/STM32F4xx_HAL_Driver/Src/stm32f4xx_hal_spi.o
 .text.HAL_TIM_Base_Init
                0x0000000008006de0       0x9e Drivers/STM32F4xx_HAL_Driver/Src/stm32f4xx_hal_tim.o
                0x0000000008006de0                HAL_TIM_Base_Init
 .text.HAL_TIM_Base_MspInit
                0x0000000008006e7e       0x14 Drivers/STM32F4xx_HAL_Driver/Src/stm32f4xx_hal_tim.o
                0x0000000008006e7e                HAL_TIM_Base_MspInit
 *fill*         0x0000000008006e92        0x2 
 .text.HAL_TIM_Base_Start_IT
                0x0000000008006e94       0xc4 Drivers/STM32F4xx_HAL_Driver/Src/stm32f4xx_hal_tim.o
                0x0000000008006e94                HAL_TIM_Base_Start_IT
 .text.HAL_TIM_IRQHandler
                0x0000000008006f58      0x210 Drivers/STM32F4xx_HAL_Driver/Src/stm32f4xx_hal_tim.o
                0x0000000008006f58                HAL_TIM_IRQHandler
 .text.HAL_TIM_OC_DelayElapsedCallback
                0x0000000008007168       0x14 Drivers/STM32F4xx_HAL_Driver/Src/stm32f4xx_hal_tim.o
                0x0000000008007168                HAL_TIM_OC_DelayElapsedCallback
 .text.HAL_TIM_IC_CaptureCallback
                0x000000000800717c       0x14 Drivers/STM32F4xx_HAL_Driver/Src/stm32f4xx_hal_tim.o
                0x000000000800717c                HAL_TIM_IC_CaptureCallback
 .text.HAL_TIM_PWM_PulseFinishedCallback
                0x0000000008007190       0x14 Drivers/STM32F4xx_HAL_Driver/Src/stm32f4xx_hal_tim.o
                0x0000000008007190                HAL_TIM_PWM_PulseFinishedCallback
 .text.HAL_TIM_TriggerCallback
                0x00000000080071a4       0x14 Drivers/STM32F4xx_HAL_Driver/Src/stm32f4xx_hal_tim.o
                0x00000000080071a4                HAL_TIM_TriggerCallback
 .text.TIM_Base_SetConfig
                0x00000000080071b8      0x100 Drivers/STM32F4xx_HAL_Driver/Src/stm32f4xx_hal_tim.o
                0x00000000080071b8                TIM_Base_SetConfig
 .text.HAL_TIMEx_CommutCallback
                0x00000000080072b8       0x14 Drivers/STM32F4xx_HAL_Driver/Src/stm32f4xx_hal_tim_ex.o
                0x00000000080072b8                HAL_TIMEx_CommutCallback
 .text.HAL_TIMEx_BreakCallback
                0x00000000080072cc       0x14 Drivers/STM32F4xx_HAL_Driver/Src/stm32f4xx_hal_tim_ex.o
                0x00000000080072cc                HAL_TIMEx_BreakCallback
 .text.HAL_UART_Init
                0x00000000080072e0       0x9a Drivers/STM32F4xx_HAL_Driver/Src/stm32f4xx_hal_uart.o
                0x00000000080072e0                HAL_UART_Init
 .text.HAL_UART_Transmit
                0x000000000800737a      0x124 Drivers/STM32F4xx_HAL_Driver/Src/stm32f4xx_hal_uart.o
                0x000000000800737a                HAL_UART_Transmit
 .text.HAL_UART_Receive_DMA
                0x000000000800749e       0x60 Drivers/STM32F4xx_HAL_Driver/Src/stm32f4xx_hal_uart.o
                0x000000000800749e                HAL_UART_Receive_DMA
 *fill*         0x00000000080074fe        0x2 
 .text.HAL_UART_IRQHandler
                0x0000000008007500      0x358 Drivers/STM32F4xx_HAL_Driver/Src/stm32f4xx_hal_uart.o
                0x0000000008007500                HAL_UART_IRQHandler
 .text.HAL_UART_TxCpltCallback
                0x0000000008007858       0x14 Drivers/STM32F4xx_HAL_Driver/Src/stm32f4xx_hal_uart.o
                0x0000000008007858                HAL_UART_TxCpltCallback
 .text.HAL_UART_RxCpltCallback
                0x000000000800786c       0x14 Drivers/STM32F4xx_HAL_Driver/Src/stm32f4xx_hal_uart.o
                0x000000000800786c                HAL_UART_RxCpltCallback
 .text.HAL_UART_RxHalfCpltCallback
                0x0000000008007880       0x14 Drivers/STM32F4xx_HAL_Driver/Src/stm32f4xx_hal_uart.o
                0x0000000008007880                HAL_UART_RxHalfCpltCallback
 .text.HAL_UART_ErrorCallback
                0x0000000008007894       0x14 Drivers/STM32F4xx_HAL_Driver/Src/stm32f4xx_hal_uart.o
                0x0000000008007894                HAL_UART_ErrorCallback
 .text.HAL_UARTEx_RxEventCallback
                0x00000000080078a8       0x18 Drivers/STM32F4xx_HAL_Driver/Src/stm32f4xx_hal_uart.o
                0x00000000080078a8                HAL_UARTEx_RxEventCallback
 .text.UART_DMAReceiveCplt
                0x00000000080078c0       0x96 Drivers/STM32F4xx_HAL_Driver/Src/stm32f4xx_hal_uart.o
 .text.UART_DMARxHalfCplt
                0x0000000008007956       0x36 Drivers/STM32F4xx_HAL_Driver/Src/stm32f4xx_hal_uart.o
 .text.UART_DMAError
                0x000000000800798c       0x94 Drivers/STM32F4xx_HAL_Driver/Src/stm32f4xx_hal_uart.o
 .text.UART_WaitOnFlagUntilTimeout
                0x0000000008007a20       0x94 Drivers/STM32F4xx_HAL_Driver/Src/stm32f4xx_hal_uart.o
 .text.UART_Start_Receive_DMA
                0x0000000008007ab4       0xc8 Drivers/STM32F4xx_HAL_Driver/Src/stm32f4xx_hal_uart.o
                0x0000000008007ab4                UART_Start_Receive_DMA
 .text.UART_EndTxTransfer
                0x0000000008007b7c       0x2c Drivers/STM32F4xx_HAL_Driver/Src/stm32f4xx_hal_uart.o
 .text.UART_EndRxTransfer
                0x0000000008007ba8       0x5a Drivers/STM32F4xx_HAL_Driver/Src/stm32f4xx_hal_uart.o
 .text.UART_DMAAbortOnError
                0x0000000008007c02       0x28 Drivers/STM32F4xx_HAL_Driver/Src/stm32f4xx_hal_uart.o
 .text.UART_Transmit_IT
                0x0000000008007c2a       0xa0 Drivers/STM32F4xx_HAL_Driver/Src/stm32f4xx_hal_uart.o
 .text.UART_EndTransmit_IT
                0x0000000008007cca       0x30 Drivers/STM32F4xx_HAL_Driver/Src/stm32f4xx_hal_uart.o
 .text.UART_Receive_IT
                0x0000000008007cfa      0x12e Drivers/STM32F4xx_HAL_Driver/Src/stm32f4xx_hal_uart.o
 .text.UART_SetConfig
                0x0000000008007e28      0x390 Drivers/STM32F4xx_HAL_Driver/Src/stm32f4xx_hal_uart.o
 .text.MX_FATFS_Init
                0x00000000080081b8       0x24 FATFS/App/fatfs.o
                0x00000000080081b8                MX_FATFS_Init
 .text.get_fattime
                0x00000000080081dc       0x10 FATFS/App/fatfs.o
                0x00000000080081dc                get_fattime
 .text.USER_initialize
                0x00000000080081ec       0x28 FATFS/Target/user_diskio.o
                0x00000000080081ec                USER_initialize
 .text.USER_status
                0x0000000008008214       0x28 FATFS/Target/user_diskio.o
                0x0000000008008214                USER_status
 .text.USER_read
                0x000000000800823c       0x1e FATFS/Target/user_diskio.o
                0x000000000800823c                USER_read
 .text.USER_write
                0x000000000800825a       0x1e FATFS/Target/user_diskio.o
                0x000000000800825a                USER_write
 .text.USER_ioctl
                0x0000000008008278       0x22 FATFS/Target/user_diskio.o
                0x0000000008008278                USER_ioctl
 *fill*         0x000000000800829a        0x2 
 .text.disk_status
                0x000000000800829c       0x34 Middlewares/Third_Party/FatFs/src/diskio.o
                0x000000000800829c                disk_status
 .text.disk_initialize
                0x00000000080082d0       0x4c Middlewares/Third_Party/FatFs/src/diskio.o
                0x00000000080082d0                disk_initialize
 .text.disk_read
                0x000000000800831c       0x40 Middlewares/Third_Party/FatFs/src/diskio.o
                0x000000000800831c                disk_read
 .text.disk_write
                0x000000000800835c       0x40 Middlewares/Third_Party/FatFs/src/diskio.o
                0x000000000800835c                disk_write
 .text.disk_ioctl
                0x000000000800839c       0x3c Middlewares/Third_Party/FatFs/src/diskio.o
                0x000000000800839c                disk_ioctl
 .text.ld_word  0x00000000080083d8       0x30 Middlewares/Third_Party/FatFs/src/ff.o
 .text.ld_dword
                0x0000000008008408       0x46 Middlewares/Third_Party/FatFs/src/ff.o
 .text.st_word  0x000000000800844e       0x36 Middlewares/Third_Party/FatFs/src/ff.o
 .text.st_dword
                0x0000000008008484       0x58 Middlewares/Third_Party/FatFs/src/ff.o
 .text.mem_cpy  0x00000000080084dc       0x42 Middlewares/Third_Party/FatFs/src/ff.o
 .text.mem_set  0x000000000800851e       0x36 Middlewares/Third_Party/FatFs/src/ff.o
 .text.mem_cmp  0x0000000008008554       0x4e Middlewares/Third_Party/FatFs/src/ff.o
 .text.chk_chr  0x00000000080085a2       0x36 Middlewares/Third_Party/FatFs/src/ff.o
 .text.lock_fs  0x00000000080085d8       0x2c Middlewares/Third_Party/FatFs/src/ff.o
 .text.unlock_fs
                0x0000000008008604       0x36 Middlewares/Third_Party/FatFs/src/ff.o
 *fill*         0x000000000800863a        0x2 
 .text.chk_lock
                0x000000000800863c       0xb8 Middlewares/Third_Party/FatFs/src/ff.o
 .text.enq_lock
                0x00000000080086f4       0x44 Middlewares/Third_Party/FatFs/src/ff.o
 .text.inc_lock
                0x0000000008008738      0x11c Middlewares/Third_Party/FatFs/src/ff.o
 .text.dec_lock
                0x0000000008008854       0x78 Middlewares/Third_Party/FatFs/src/ff.o
 .text.clear_lock
                0x00000000080088cc       0x48 Middlewares/Third_Party/FatFs/src/ff.o
 .text.sync_window
                0x0000000008008914       0x88 Middlewares/Third_Party/FatFs/src/ff.o
 .text.move_window
                0x000000000800899c       0x5a Middlewares/Third_Party/FatFs/src/ff.o
 *fill*         0x00000000080089f6        0x2 
 .text.sync_fs  0x00000000080089f8       0xdc Middlewares/Third_Party/FatFs/src/ff.o
 .text.clust2sect
                0x0000000008008ad4       0x3e Middlewares/Third_Party/FatFs/src/ff.o
 .text.get_fat  0x0000000008008b12      0x150 Middlewares/Third_Party/FatFs/src/ff.o
 .text.put_fat  0x0000000008008c62      0x1d8 Middlewares/Third_Party/FatFs/src/ff.o
 .text.remove_chain
                0x0000000008008e3a       0xca Middlewares/Third_Party/FatFs/src/ff.o
 .text.create_chain
                0x0000000008008f04      0x130 Middlewares/Third_Party/FatFs/src/ff.o
 .text.clmt_clust
                0x0000000008009034       0x68 Middlewares/Third_Party/FatFs/src/ff.o
 .text.dir_sdi  0x000000000800909c       0xf6 Middlewares/Third_Party/FatFs/src/ff.o
 .text.dir_next
                0x0000000008009192      0x18a Middlewares/Third_Party/FatFs/src/ff.o
 .text.dir_alloc
                0x000000000800931c       0x8e Middlewares/Third_Party/FatFs/src/ff.o
 .text.ld_clust
                0x00000000080093aa       0x3e Middlewares/Third_Party/FatFs/src/ff.o
 .text.st_clust
                0x00000000080093e8       0x40 Middlewares/Third_Party/FatFs/src/ff.o
 .text.dir_find
                0x0000000008009428       0xaa Middlewares/Third_Party/FatFs/src/ff.o
 .text.dir_register
                0x00000000080094d2       0x64 Middlewares/Third_Party/FatFs/src/ff.o
 *fill*         0x0000000008009536        0x2 
 .text.create_name
                0x0000000008009538      0x128 Middlewares/Third_Party/FatFs/src/ff.o
 .text.follow_path
                0x0000000008009660       0xe2 Middlewares/Third_Party/FatFs/src/ff.o
 .text.get_ldnumber
                0x0000000008009742       0x88 Middlewares/Third_Party/FatFs/src/ff.o
 *fill*         0x00000000080097ca        0x2 
 .text.check_fs
                0x00000000080097cc       0xac Middlewares/Third_Party/FatFs/src/ff.o
 .text.find_volume
                0x0000000008009878      0x4a8 Middlewares/Third_Party/FatFs/src/ff.o
 .text.validate
                0x0000000008009d20       0x8e Middlewares/Third_Party/FatFs/src/ff.o
 *fill*         0x0000000008009dae        0x2 
 .text.f_mount  0x0000000008009db0       0xc8 Middlewares/Third_Party/FatFs/src/ff.o
                0x0000000008009db0                f_mount
 .text.f_open   0x0000000008009e78      0x38a Middlewares/Third_Party/FatFs/src/ff.o
                0x0000000008009e78                f_open
 .text.f_read   0x000000000800a202      0x2dc Middlewares/Third_Party/FatFs/src/ff.o
                0x000000000800a202                f_read
 .text.f_write  0x000000000800a4de      0x348 Middlewares/Third_Party/FatFs/src/ff.o
                0x000000000800a4de                f_write
 .text.f_sync   0x000000000800a826      0x112 Middlewares/Third_Party/FatFs/src/ff.o
                0x000000000800a826                f_sync
 .text.f_close  0x000000000800a938       0x5e Middlewares/Third_Party/FatFs/src/ff.o
                0x000000000800a938                f_close
 .text.f_getfree
                0x000000000800a996      0x178 Middlewares/Third_Party/FatFs/src/ff.o
                0x000000000800a996                f_getfree
 .text.f_gets   0x000000000800ab0e       0x7a Middlewares/Third_Party/FatFs/src/ff.o
                0x000000000800ab0e                f_gets
 .text.FATFS_LinkDriverEx
                0x000000000800ab88       0x98 Middlewares/Third_Party/FatFs/src/ff_gen_drv.o
                0x000000000800ab88                FATFS_LinkDriverEx
 .text.FATFS_LinkDriver
                0x000000000800ac20       0x1e Middlewares/Third_Party/FatFs/src/ff_gen_drv.o
                0x000000000800ac20                FATFS_LinkDriver
 .text.ff_cre_syncobj
                0x000000000800ac3e       0x36 Middlewares/Third_Party/FatFs/src/option/syscall.o
                0x000000000800ac3e                ff_cre_syncobj
 .text.ff_del_syncobj
                0x000000000800ac74       0x18 Middlewares/Third_Party/FatFs/src/option/syscall.o
                0x000000000800ac74                ff_del_syncobj
 .text.ff_req_grant
                0x000000000800ac8c       0x2a Middlewares/Third_Party/FatFs/src/option/syscall.o
                0x000000000800ac8c                ff_req_grant
 .text.ff_rel_grant
                0x000000000800acb6       0x16 Middlewares/Third_Party/FatFs/src/option/syscall.o
                0x000000000800acb6                ff_rel_grant
 .text.__NVIC_SetPriority
                0x000000000800accc       0x54 Middlewares/Third_Party/FreeRTOS/Source/CMSIS_RTOS_V2/cmsis_os2.o
 .text.SysTick_Handler
                0x000000000800ad20       0x20 Middlewares/Third_Party/FreeRTOS/Source/CMSIS_RTOS_V2/cmsis_os2.o
                0x000000000800ad20                SysTick_Handler
 .text.SVC_Setup
                0x000000000800ad40       0x12 Middlewares/Third_Party/FreeRTOS/Source/CMSIS_RTOS_V2/cmsis_os2.o
 *fill*         0x000000000800ad52        0x2 
 .text.osKernelInitialize
                0x000000000800ad54       0x48 Middlewares/Third_Party/FreeRTOS/Source/CMSIS_RTOS_V2/cmsis_os2.o
                0x000000000800ad54                osKernelInitialize
 .text.osKernelStart
                0x000000000800ad9c       0x4c Middlewares/Third_Party/FreeRTOS/Source/CMSIS_RTOS_V2/cmsis_os2.o
                0x000000000800ad9c                osKernelStart
 .text.osThreadNew
                0x000000000800ade8      0x124 Middlewares/Third_Party/FreeRTOS/Source/CMSIS_RTOS_V2/cmsis_os2.o
                0x000000000800ade8                osThreadNew
 .text.osDelay  0x000000000800af0c       0x36 Middlewares/Third_Party/FreeRTOS/Source/CMSIS_RTOS_V2/cmsis_os2.o
                0x000000000800af0c                osDelay
 .text.osMutexNew
                0x000000000800af42      0x10c Middlewares/Third_Party/FreeRTOS/Source/CMSIS_RTOS_V2/cmsis_os2.o
                0x000000000800af42                osMutexNew
 .text.osMutexAcquire
                0x000000000800b04e       0x96 Middlewares/Third_Party/FreeRTOS/Source/CMSIS_RTOS_V2/cmsis_os2.o
                0x000000000800b04e                osMutexAcquire
 .text.osMutexRelease
                0x000000000800b0e4       0x7a Middlewares/Third_Party/FreeRTOS/Source/CMSIS_RTOS_V2/cmsis_os2.o
                0x000000000800b0e4                osMutexRelease
 .text.osSemaphoreNew
                0x000000000800b15e      0x112 Middlewares/Third_Party/FreeRTOS/Source/CMSIS_RTOS_V2/cmsis_os2.o
                0x000000000800b15e                osSemaphoreNew
 .text.osSemaphoreAcquire
                0x000000000800b270       0xa4 Middlewares/Third_Party/FreeRTOS/Source/CMSIS_RTOS_V2/cmsis_os2.o
                0x000000000800b270                osSemaphoreAcquire
 .text.osSemaphoreRelease
                0x000000000800b314       0x88 Middlewares/Third_Party/FreeRTOS/Source/CMSIS_RTOS_V2/cmsis_os2.o
                0x000000000800b314                osSemaphoreRelease
 .text.osSemaphoreDelete
                0x000000000800b39c       0x48 Middlewares/Third_Party/FreeRTOS/Source/CMSIS_RTOS_V2/cmsis_os2.o
                0x000000000800b39c                osSemaphoreDelete
 .text.vApplicationGetIdleTaskMemory
                0x000000000800b3e4       0x34 Middlewares/Third_Party/FreeRTOS/Source/CMSIS_RTOS_V2/cmsis_os2.o
                0x000000000800b3e4                vApplicationGetIdleTaskMemory
 .text.vApplicationGetTimerTaskMemory
                0x000000000800b418       0x34 Middlewares/Third_Party/FreeRTOS/Source/CMSIS_RTOS_V2/cmsis_os2.o
                0x000000000800b418                vApplicationGetTimerTaskMemory
 .text.vListInitialise
                0x000000000800b44c       0x40 Middlewares/Third_Party/FreeRTOS/Source/list.o
                0x000000000800b44c                vListInitialise
 .text.vListInitialiseItem
                0x000000000800b48c       0x1a Middlewares/Third_Party/FreeRTOS/Source/list.o
                0x000000000800b48c                vListInitialiseItem
 .text.vListInsertEnd
                0x000000000800b4a6       0x48 Middlewares/Third_Party/FreeRTOS/Source/list.o
                0x000000000800b4a6                vListInsertEnd
 .text.vListInsert
                0x000000000800b4ee       0x72 Middlewares/Third_Party/FreeRTOS/Source/list.o
                0x000000000800b4ee                vListInsert
 .text.uxListRemove
                0x000000000800b560       0x54 Middlewares/Third_Party/FreeRTOS/Source/list.o
                0x000000000800b560                uxListRemove
 .text.xQueueGenericReset
                0x000000000800b5b4       0xd0 Middlewares/Third_Party/FreeRTOS/Source/queue.o
                0x000000000800b5b4                xQueueGenericReset
 .text.xQueueGenericCreateStatic
                0x000000000800b684       0xf0 Middlewares/Third_Party/FreeRTOS/Source/queue.o
                0x000000000800b684                xQueueGenericCreateStatic
 .text.xQueueGenericCreate
                0x000000000800b774       0x74 Middlewares/Third_Party/FreeRTOS/Source/queue.o
                0x000000000800b774                xQueueGenericCreate
 .text.prvInitialiseNewQueue
                0x000000000800b7e8       0x46 Middlewares/Third_Party/FreeRTOS/Source/queue.o
 .text.prvInitialiseMutex
                0x000000000800b82e       0x34 Middlewares/Third_Party/FreeRTOS/Source/queue.o
 .text.xQueueCreateMutex
                0x000000000800b862       0x30 Middlewares/Third_Party/FreeRTOS/Source/queue.o
                0x000000000800b862                xQueueCreateMutex
 .text.xQueueCreateMutexStatic
                0x000000000800b892       0x36 Middlewares/Third_Party/FreeRTOS/Source/queue.o
                0x000000000800b892                xQueueCreateMutexStatic
 .text.xQueueGiveMutexRecursive
                0x000000000800b8c8       0x68 Middlewares/Third_Party/FreeRTOS/Source/queue.o
                0x000000000800b8c8                xQueueGiveMutexRecursive
 .text.xQueueTakeMutexRecursive
                0x000000000800b930       0x6c Middlewares/Third_Party/FreeRTOS/Source/queue.o
                0x000000000800b930                xQueueTakeMutexRecursive
 .text.xQueueCreateCountingSemaphoreStatic
                0x000000000800b99c       0x6e Middlewares/Third_Party/FreeRTOS/Source/queue.o
                0x000000000800b99c                xQueueCreateCountingSemaphoreStatic
 .text.xQueueCreateCountingSemaphore
                0x000000000800ba0a       0x66 Middlewares/Third_Party/FreeRTOS/Source/queue.o
                0x000000000800ba0a                xQueueCreateCountingSemaphore
 .text.xQueueGenericSend
                0x000000000800ba70      0x1fc Middlewares/Third_Party/FreeRTOS/Source/queue.o
                0x000000000800ba70                xQueueGenericSend
 .text.xQueueGenericSendFromISR
                0x000000000800bc6c      0x136 Middlewares/Third_Party/FreeRTOS/Source/queue.o
                0x000000000800bc6c                xQueueGenericSendFromISR
 .text.xQueueGiveFromISR
                0x000000000800bda2      0x11a Middlewares/Third_Party/FreeRTOS/Source/queue.o
                0x000000000800bda2                xQueueGiveFromISR
 .text.xQueueReceive
                0x000000000800bebc      0x1c0 Middlewares/Third_Party/FreeRTOS/Source/queue.o
                0x000000000800bebc                xQueueReceive
 .text.xQueueSemaphoreTake
                0x000000000800c07c      0x218 Middlewares/Third_Party/FreeRTOS/Source/queue.o
                0x000000000800c07c                xQueueSemaphoreTake
 .text.xQueueReceiveFromISR
                0x000000000800c294      0x100 Middlewares/Third_Party/FreeRTOS/Source/queue.o
                0x000000000800c294                xQueueReceiveFromISR
 .text.vQueueDelete
                0x000000000800c394       0x46 Middlewares/Third_Party/FreeRTOS/Source/queue.o
                0x000000000800c394                vQueueDelete
 .text.prvGetDisinheritPriorityAfterTimeout
                0x000000000800c3da       0x30 Middlewares/Third_Party/FreeRTOS/Source/queue.o
 .text.prvCopyDataToQueue
                0x000000000800c40a       0xd4 Middlewares/Third_Party/FreeRTOS/Source/queue.o
 .text.prvCopyDataFromQueue
                0x000000000800c4de       0x4c Middlewares/Third_Party/FreeRTOS/Source/queue.o
 .text.prvUnlockQueue
                0x000000000800c52a       0xa4 Middlewares/Third_Party/FreeRTOS/Source/queue.o
 .text.prvIsQueueEmpty
                0x000000000800c5ce       0x2c Middlewares/Third_Party/FreeRTOS/Source/queue.o
 .text.prvIsQueueFull
                0x000000000800c5fa       0x30 Middlewares/Third_Party/FreeRTOS/Source/queue.o
 *fill*         0x000000000800c62a        0x2 
 .text.vQueueAddToRegistry
                0x000000000800c62c       0x54 Middlewares/Third_Party/FreeRTOS/Source/queue.o
                0x000000000800c62c                vQueueAddToRegistry
 .text.vQueueUnregisterQueue
                0x000000000800c680       0x54 Middlewares/Third_Party/FreeRTOS/Source/queue.o
                0x000000000800c680                vQueueUnregisterQueue
 .text.vQueueWaitForMessageRestricted
                0x000000000800c6d4       0x68 Middlewares/Third_Party/FreeRTOS/Source/queue.o
                0x000000000800c6d4                vQueueWaitForMessageRestricted
 .text.xTaskCreateStatic
                0x000000000800c73c       0xba Middlewares/Third_Party/FreeRTOS/Source/tasks.o
                0x000000000800c73c                xTaskCreateStatic
 .text.xTaskCreate
                0x000000000800c7f6       0x8a Middlewares/Third_Party/FreeRTOS/Source/tasks.o
                0x000000000800c7f6                xTaskCreate
 .text.prvInitialiseNewTask
                0x000000000800c880      0x11e Middlewares/Third_Party/FreeRTOS/Source/tasks.o
 *fill*         0x000000000800c99e        0x2 
 .text.prvAddNewTaskToReadyList
                0x000000000800c9a0       0xe0 Middlewares/Third_Party/FreeRTOS/Source/tasks.o
 .text.vTaskDelay
                0x000000000800ca80       0x68 Middlewares/Third_Party/FreeRTOS/Source/tasks.o
                0x000000000800ca80                vTaskDelay
 .text.vTaskStartScheduler
                0x000000000800cae8       0xcc Middlewares/Third_Party/FreeRTOS/Source/tasks.o
                0x000000000800cae8                vTaskStartScheduler
 .text.vTaskSuspendAll
                0x000000000800cbb4       0x1c Middlewares/Third_Party/FreeRTOS/Source/tasks.o
                0x000000000800cbb4                vTaskSuspendAll
 .text.xTaskResumeAll
                0x000000000800cbd0      0x13c Middlewares/Third_Party/FreeRTOS/Source/tasks.o
                0x000000000800cbd0                xTaskResumeAll
 .text.xTaskGetTickCount
                0x000000000800cd0c       0x20 Middlewares/Third_Party/FreeRTOS/Source/tasks.o
                0x000000000800cd0c                xTaskGetTickCount
 .text.xTaskIncrementTick
                0x000000000800cd2c      0x174 Middlewares/Third_Party/FreeRTOS/Source/tasks.o
                0x000000000800cd2c                xTaskIncrementTick
 .text.vTaskSwitchContext
                0x000000000800cea0       0xbc Middlewares/Third_Party/FreeRTOS/Source/tasks.o
                0x000000000800cea0                vTaskSwitchContext
 .text.vTaskPlaceOnEventList
                0x000000000800cf5c       0x48 Middlewares/Third_Party/FreeRTOS/Source/tasks.o
                0x000000000800cf5c                vTaskPlaceOnEventList
 .text.vTaskPlaceOnEventListRestricted
                0x000000000800cfa4       0x58 Middlewares/Third_Party/FreeRTOS/Source/tasks.o
                0x000000000800cfa4                vTaskPlaceOnEventListRestricted
 .text.xTaskRemoveFromEventList
                0x000000000800cffc       0xc8 Middlewares/Third_Party/FreeRTOS/Source/tasks.o
                0x000000000800cffc                xTaskRemoveFromEventList
 .text.vTaskInternalSetTimeOutState
                0x000000000800d0c4       0x2c Middlewares/Third_Party/FreeRTOS/Source/tasks.o
                0x000000000800d0c4                vTaskInternalSetTimeOutState
 .text.xTaskCheckForTimeOut
                0x000000000800d0f0       0xc4 Middlewares/Third_Party/FreeRTOS/Source/tasks.o
                0x000000000800d0f0                xTaskCheckForTimeOut
 .text.vTaskMissedYield
                0x000000000800d1b4       0x18 Middlewares/Third_Party/FreeRTOS/Source/tasks.o
                0x000000000800d1b4                vTaskMissedYield
 .text.prvIdleTask
                0x000000000800d1cc       0x30 Middlewares/Third_Party/FreeRTOS/Source/tasks.o
 .text.prvInitialiseTaskLists
                0x000000000800d1fc       0x80 Middlewares/Third_Party/FreeRTOS/Source/tasks.o
 .text.prvCheckTasksWaitingTermination
                0x000000000800d27c       0x5c Middlewares/Third_Party/FreeRTOS/Source/tasks.o
 .text.prvDeleteTCB
                0x000000000800d2d8       0x5e Middlewares/Third_Party/FreeRTOS/Source/tasks.o
 *fill*         0x000000000800d336        0x2 
 .text.prvResetNextTaskUnblockTime
                0x000000000800d338       0x40 Middlewares/Third_Party/FreeRTOS/Source/tasks.o
 .text.xTaskGetCurrentTaskHandle
                0x000000000800d378       0x20 Middlewares/Third_Party/FreeRTOS/Source/tasks.o
                0x000000000800d378                xTaskGetCurrentTaskHandle
 .text.xTaskGetSchedulerState
                0x000000000800d398       0x3c Middlewares/Third_Party/FreeRTOS/Source/tasks.o
                0x000000000800d398                xTaskGetSchedulerState
 .text.xTaskPriorityInherit
                0x000000000800d3d4       0xd0 Middlewares/Third_Party/FreeRTOS/Source/tasks.o
                0x000000000800d3d4                xTaskPriorityInherit
 .text.xTaskPriorityDisinherit
                0x000000000800d4a4       0xdc Middlewares/Third_Party/FreeRTOS/Source/tasks.o
                0x000000000800d4a4                xTaskPriorityDisinherit
 .text.vTaskPriorityDisinheritAfterTimeout
                0x000000000800d580      0x104 Middlewares/Third_Party/FreeRTOS/Source/tasks.o
                0x000000000800d580                vTaskPriorityDisinheritAfterTimeout
 .text.pvTaskIncrementMutexHeldCount
                0x000000000800d684       0x28 Middlewares/Third_Party/FreeRTOS/Source/tasks.o
                0x000000000800d684                pvTaskIncrementMutexHeldCount
 .text.ulTaskNotifyTake
                0x000000000800d6ac       0x90 Middlewares/Third_Party/FreeRTOS/Source/tasks.o
                0x000000000800d6ac                ulTaskNotifyTake
 .text.xTaskGenericNotify
                0x000000000800d73c      0x170 Middlewares/Third_Party/FreeRTOS/Source/tasks.o
                0x000000000800d73c                xTaskGenericNotify
 .text.prvAddCurrentTaskToDelayedList
                0x000000000800d8ac       0xa8 Middlewares/Third_Party/FreeRTOS/Source/tasks.o
 .text.xTimerCreateTimerTask
                0x000000000800d954       0x90 Middlewares/Third_Party/FreeRTOS/Source/timers.o
                0x000000000800d954                xTimerCreateTimerTask
 .text.xTimerGenericCommand
                0x000000000800d9e4       0x9c Middlewares/Third_Party/FreeRTOS/Source/timers.o
                0x000000000800d9e4                xTimerGenericCommand
 .text.prvProcessExpiredTimer
                0x000000000800da80       0x98 Middlewares/Third_Party/FreeRTOS/Source/timers.o
 .text.prvTimerTask
                0x000000000800db18       0x24 Middlewares/Third_Party/FreeRTOS/Source/timers.o
 .text.prvProcessTimerOrBlockTask
                0x000000000800db3c       0x9c Middlewares/Third_Party/FreeRTOS/Source/timers.o
 .text.prvGetNextExpireTime
                0x000000000800dbd8       0x48 Middlewares/Third_Party/FreeRTOS/Source/timers.o
 .text.prvSampleTimeNow
                0x000000000800dc20       0x40 Middlewares/Third_Party/FreeRTOS/Source/timers.o
 .text.prvInsertTimerInActiveList
                0x000000000800dc60       0x84 Middlewares/Third_Party/FreeRTOS/Source/timers.o
 .text.prvProcessReceivedCommands
                0x000000000800dce4      0x1c4 Middlewares/Third_Party/FreeRTOS/Source/timers.o
 .text.prvSwitchTimerLists
                0x000000000800dea8       0xc8 Middlewares/Third_Party/FreeRTOS/Source/timers.o
 .text.prvCheckForValidListAndQueue
                0x000000000800df70       0x80 Middlewares/Third_Party/FreeRTOS/Source/timers.o
 .text.pxPortInitialiseStack
                0x000000000800dff0       0x68 Middlewares/Third_Party/FreeRTOS/Source/portable/GCC/ARM_CM4F/port.o
                0x000000000800dff0                pxPortInitialiseStack
 .text.prvTaskExitError
                0x000000000800e058       0x58 Middlewares/Third_Party/FreeRTOS/Source/portable/GCC/ARM_CM4F/port.o
 .text.SVC_Handler
                0x000000000800e0b0       0x28 Middlewares/Third_Party/FreeRTOS/Source/portable/GCC/ARM_CM4F/port.o
                0x000000000800e0b0                SVC_Handler
 .text.prvPortStartFirstTask
                0x000000000800e0d8       0x28 Middlewares/Third_Party/FreeRTOS/Source/portable/GCC/ARM_CM4F/port.o
 .text.xPortStartScheduler
                0x000000000800e100      0x144 Middlewares/Third_Party/FreeRTOS/Source/portable/GCC/ARM_CM4F/port.o
                0x000000000800e100                xPortStartScheduler
 .text.vPortEnterCritical
                0x000000000800e244       0x60 Middlewares/Third_Party/FreeRTOS/Source/portable/GCC/ARM_CM4F/port.o
                0x000000000800e244                vPortEnterCritical
 .text.vPortExitCritical
                0x000000000800e2a4       0x54 Middlewares/Third_Party/FreeRTOS/Source/portable/GCC/ARM_CM4F/port.o
                0x000000000800e2a4                vPortExitCritical
 *fill*         0x000000000800e2f8        0x8 
 .text.PendSV_Handler
                0x000000000800e300       0x68 Middlewares/Third_Party/FreeRTOS/Source/portable/GCC/ARM_CM4F/port.o
                0x000000000800e300                PendSV_Handler
 .text.xPortSysTickHandler
                0x000000000800e368       0x44 Middlewares/Third_Party/FreeRTOS/Source/portable/GCC/ARM_CM4F/port.o
                0x000000000800e368                xPortSysTickHandler
 .text.vPortSetupTimerInterrupt
                0x000000000800e3ac       0x48 Middlewares/Third_Party/FreeRTOS/Source/portable/GCC/ARM_CM4F/port.o
                0x000000000800e3ac                vPortSetupTimerInterrupt
 .text.vPortEnableVFP
                0x000000000800e3f4       0x14 Middlewares/Third_Party/FreeRTOS/Source/portable/GCC/ARM_CM4F/port.o
 .text.vPortValidateInterruptPriority
                0x000000000800e408       0x80 Middlewares/Third_Party/FreeRTOS/Source/portable/GCC/ARM_CM4F/port.o
                0x000000000800e408                vPortValidateInterruptPriority
 .text.pvPortMalloc
                0x000000000800e488      0x198 Middlewares/Third_Party/FreeRTOS/Source/portable/MemMang/heap_4.o
                0x000000000800e488                pvPortMalloc
 .text.vPortFree
                0x000000000800e620       0xc4 Middlewares/Third_Party/FreeRTOS/Source/portable/MemMang/heap_4.o
                0x000000000800e620                vPortFree
 .text.prvHeapInit
                0x000000000800e6e4       0xc4 Middlewares/Third_Party/FreeRTOS/Source/portable/MemMang/heap_4.o
 .text.prvInsertBlockIntoFreeList
                0x000000000800e7a8       0xb4 Middlewares/Third_Party/FreeRTOS/Source/portable/MemMang/heap_4.o
 .text.atof     0x000000000800e85c        0x6 c:/st/stm32cubeide_1.4.0/stm32cubeide/plugins/com.st.stm32cube.ide.mcu.externaltools.gnu-tools-for-stm32.9-2020-q2-update.win32_1.5.0.202011040924/tools/bin/../lib/gcc/arm-none-eabi/9.3.1/../../../../arm-none-eabi/lib/thumb/v7e-m+fp/hard\libc_nano.a(lib_a-atof.o)
                0x000000000800e85c                atof
 *fill*         0x000000000800e862        0x2 
 .text.__errno  0x000000000800e864        0xc c:/st/stm32cubeide_1.4.0/stm32cubeide/plugins/com.st.stm32cube.ide.mcu.externaltools.gnu-tools-for-stm32.9-2020-q2-update.win32_1.5.0.202011040924/tools/bin/../lib/gcc/arm-none-eabi/9.3.1/../../../../arm-none-eabi/lib/thumb/v7e-m+fp/hard\libc_nano.a(lib_a-errno.o)
                0x000000000800e864                __errno
 .text.__libc_init_array
                0x000000000800e870       0x48 c:/st/stm32cubeide_1.4.0/stm32cubeide/plugins/com.st.stm32cube.ide.mcu.externaltools.gnu-tools-for-stm32.9-2020-q2-update.win32_1.5.0.202011040924/tools/bin/../lib/gcc/arm-none-eabi/9.3.1/../../../../arm-none-eabi/lib/thumb/v7e-m+fp/hard\libc_nano.a(lib_a-init.o)
                0x000000000800e870                __libc_init_array
 .text.memcpy   0x000000000800e8b8       0x1c c:/st/stm32cubeide_1.4.0/stm32cubeide/plugins/com.st.stm32cube.ide.mcu.externaltools.gnu-tools-for-stm32.9-2020-q2-update.win32_1.5.0.202011040924/tools/bin/../lib/gcc/arm-none-eabi/9.3.1/../../../../arm-none-eabi/lib/thumb/v7e-m+fp/hard\libc_nano.a(lib_a-memcpy-stub.o)
                0x000000000800e8b8                memcpy
 .text.memset   0x000000000800e8d4       0x10 c:/st/stm32cubeide_1.4.0/stm32cubeide/plugins/com.st.stm32cube.ide.mcu.externaltools.gnu-tools-for-stm32.9-2020-q2-update.win32_1.5.0.202011040924/tools/bin/../lib/gcc/arm-none-eabi/9.3.1/../../../../arm-none-eabi/lib/thumb/v7e-m+fp/hard\libc_nano.a(lib_a-memset.o)
                0x000000000800e8d4                memset
 .text.__cvt    0x000000000800e8e4       0xc4 c:/st/stm32cubeide_1.4.0/stm32cubeide/plugins/com.st.stm32cube.ide.mcu.externaltools.gnu-tools-for-stm32.9-2020-q2-update.win32_1.5.0.202011040924/tools/bin/../lib/gcc/arm-none-eabi/9.3.1/../../../../arm-none-eabi/lib/thumb/v7e-m+fp/hard\libc_nano.a(lib_a-nano-vfprintf_float.o)
                0x000000000800e8e4                __cvt
 .text.__exponent
                0x000000000800e9a8       0x7c c:/st/stm32cubeide_1.4.0/stm32cubeide/plugins/com.st.stm32cube.ide.mcu.externaltools.gnu-tools-for-stm32.9-2020-q2-update.win32_1.5.0.202011040924/tools/bin/../lib/gcc/arm-none-eabi/9.3.1/../../../../arm-none-eabi/lib/thumb/v7e-m+fp/hard\libc_nano.a(lib_a-nano-vfprintf_float.o)
                0x000000000800e9a8                __exponent
 .text._printf_float
                0x000000000800ea24      0x46c c:/st/stm32cubeide_1.4.0/stm32cubeide/plugins/com.st.stm32cube.ide.mcu.externaltools.gnu-tools-for-stm32.9-2020-q2-update.win32_1.5.0.202011040924/tools/bin/../lib/gcc/arm-none-eabi/9.3.1/../../../../arm-none-eabi/lib/thumb/v7e-m+fp/hard\libc_nano.a(lib_a-nano-vfprintf_float.o)
                0x000000000800ea24                _printf_float
 .text._printf_common
                0x000000000800ee90       0xda c:/st/stm32cubeide_1.4.0/stm32cubeide/plugins/com.st.stm32cube.ide.mcu.externaltools.gnu-tools-for-stm32.9-2020-q2-update.win32_1.5.0.202011040924/tools/bin/../lib/gcc/arm-none-eabi/9.3.1/../../../../arm-none-eabi/lib/thumb/v7e-m+fp/hard\libc_nano.a(lib_a-nano-vfprintf_i.o)
                0x000000000800ee90                _printf_common
 *fill*         0x000000000800ef6a        0x2 
 .text._printf_i
                0x000000000800ef6c      0x24c c:/st/stm32cubeide_1.4.0/stm32cubeide/plugins/com.st.stm32cube.ide.mcu.externaltools.gnu-tools-for-stm32.9-2020-q2-update.win32_1.5.0.202011040924/tools/bin/../lib/gcc/arm-none-eabi/9.3.1/../../../../arm-none-eabi/lib/thumb/v7e-m+fp/hard\libc_nano.a(lib_a-nano-vfprintf_i.o)
                0x000000000800ef6c                _printf_i
 .text.sprintf  0x000000000800f1b8       0x40 c:/st/stm32cubeide_1.4.0/stm32cubeide/plugins/com.st.stm32cube.ide.mcu.externaltools.gnu-tools-for-stm32.9-2020-q2-update.win32_1.5.0.202011040924/tools/bin/../lib/gcc/arm-none-eabi/9.3.1/../../../../arm-none-eabi/lib/thumb/v7e-m+fp/hard\libc_nano.a(lib_a-sprintf.o)
                0x000000000800f1b8                siprintf
                0x000000000800f1b8                sprintf
 .text.strcat   0x000000000800f1f8       0x1e c:/st/stm32cubeide_1.4.0/stm32cubeide/plugins/com.st.stm32cube.ide.mcu.externaltools.gnu-tools-for-stm32.9-2020-q2-update.win32_1.5.0.202011040924/tools/bin/../lib/gcc/arm-none-eabi/9.3.1/../../../../arm-none-eabi/lib/thumb/v7e-m+fp/hard\libc_nano.a(lib_a-strcat.o)
                0x000000000800f1f8                strcat
 .text.strchr   0x000000000800f216       0x1a c:/st/stm32cubeide_1.4.0/stm32cubeide/plugins/com.st.stm32cube.ide.mcu.externaltools.gnu-tools-for-stm32.9-2020-q2-update.win32_1.5.0.202011040924/tools/bin/../lib/gcc/arm-none-eabi/9.3.1/../../../../arm-none-eabi/lib/thumb/v7e-m+fp/hard\libc_nano.a(lib_a-strchr.o)
                0x000000000800f216                strchr
 .text.strcpy   0x000000000800f230       0x10 c:/st/stm32cubeide_1.4.0/stm32cubeide/plugins/com.st.stm32cube.ide.mcu.externaltools.gnu-tools-for-stm32.9-2020-q2-update.win32_1.5.0.202011040924/tools/bin/../lib/gcc/arm-none-eabi/9.3.1/../../../../arm-none-eabi/lib/thumb/v7e-m+fp/hard\libc_nano.a(lib_a-strcpy.o)
                0x000000000800f230                strcpy
 .text.strdup   0x000000000800f240       0x10 c:/st/stm32cubeide_1.4.0/stm32cubeide/plugins/com.st.stm32cube.ide.mcu.externaltools.gnu-tools-for-stm32.9-2020-q2-update.win32_1.5.0.202011040924/tools/bin/../lib/gcc/arm-none-eabi/9.3.1/../../../../arm-none-eabi/lib/thumb/v7e-m+fp/hard\libc_nano.a(lib_a-strdup.o)
                0x000000000800f240                strdup
 .text._strdup_r
                0x000000000800f250       0x2a c:/st/stm32cubeide_1.4.0/stm32cubeide/plugins/com.st.stm32cube.ide.mcu.externaltools.gnu-tools-for-stm32.9-2020-q2-update.win32_1.5.0.202011040924/tools/bin/../lib/gcc/arm-none-eabi/9.3.1/../../../../arm-none-eabi/lib/thumb/v7e-m+fp/hard\libc_nano.a(lib_a-strdup_r.o)
                0x000000000800f250                _strdup_r
 .text.strncpy  0x000000000800f27a       0x26 c:/st/stm32cubeide_1.4.0/stm32cubeide/plugins/com.st.stm32cube.ide.mcu.externaltools.gnu-tools-for-stm32.9-2020-q2-update.win32_1.5.0.202011040924/tools/bin/../lib/gcc/arm-none-eabi/9.3.1/../../../../arm-none-eabi/lib/thumb/v7e-m+fp/hard\libc_nano.a(lib_a-strncpy.o)
                0x000000000800f27a                strncpy
 .text.strsep   0x000000000800f2a0        0xa c:/st/stm32cubeide_1.4.0/stm32cubeide/plugins/com.st.stm32cube.ide.mcu.externaltools.gnu-tools-for-stm32.9-2020-q2-update.win32_1.5.0.202011040924/tools/bin/../lib/gcc/arm-none-eabi/9.3.1/../../../../arm-none-eabi/lib/thumb/v7e-m+fp/hard\libc_nano.a(lib_a-strsep.o)
                0x000000000800f2a0                strsep
 .text.strstr   0x000000000800f2aa       0x2e c:/st/stm32cubeide_1.4.0/stm32cubeide/plugins/com.st.stm32cube.ide.mcu.externaltools.gnu-tools-for-stm32.9-2020-q2-update.win32_1.5.0.202011040924/tools/bin/../lib/gcc/arm-none-eabi/9.3.1/../../../../arm-none-eabi/lib/thumb/v7e-m+fp/hard\libc_nano.a(lib_a-strstr.o)
                0x000000000800f2aa                strstr
 .text.sulp     0x000000000800f2d8       0x38 c:/st/stm32cubeide_1.4.0/stm32cubeide/plugins/com.st.stm32cube.ide.mcu.externaltools.gnu-tools-for-stm32.9-2020-q2-update.win32_1.5.0.202011040924/tools/bin/../lib/gcc/arm-none-eabi/9.3.1/../../../../arm-none-eabi/lib/thumb/v7e-m+fp/hard\libc_nano.a(lib_a-strtod.o)
 .text._strtod_l
                0x000000000800f310      0xc14 c:/st/stm32cubeide_1.4.0/stm32cubeide/plugins/com.st.stm32cube.ide.mcu.externaltools.gnu-tools-for-stm32.9-2020-q2-update.win32_1.5.0.202011040924/tools/bin/../lib/gcc/arm-none-eabi/9.3.1/../../../../arm-none-eabi/lib/thumb/v7e-m+fp/hard\libc_nano.a(lib_a-strtod.o)
                0x000000000800f310                _strtod_l
 .text.strtod   0x000000000800ff24       0x18 c:/st/stm32cubeide_1.4.0/stm32cubeide/plugins/com.st.stm32cube.ide.mcu.externaltools.gnu-tools-for-stm32.9-2020-q2-update.win32_1.5.0.202011040924/tools/bin/../lib/gcc/arm-none-eabi/9.3.1/../../../../arm-none-eabi/lib/thumb/v7e-m+fp/hard\libc_nano.a(lib_a-strtod.o)
                0x000000000800ff24                strtod
 .text.strtok   0x000000000800ff3c       0x68 c:/st/stm32cubeide_1.4.0/stm32cubeide/plugins/com.st.stm32cube.ide.mcu.externaltools.gnu-tools-for-stm32.9-2020-q2-update.win32_1.5.0.202011040924/tools/bin/../lib/gcc/arm-none-eabi/9.3.1/../../../../arm-none-eabi/lib/thumb/v7e-m+fp/hard\libc_nano.a(lib_a-strtok.o)
                0x000000000800ff3c                strtok
 .text.__strtok_r
                0x000000000800ffa4       0x50 c:/st/stm32cubeide_1.4.0/stm32cubeide/plugins/com.st.stm32cube.ide.mcu.externaltools.gnu-tools-for-stm32.9-2020-q2-update.win32_1.5.0.202011040924/tools/bin/../lib/gcc/arm-none-eabi/9.3.1/../../../../arm-none-eabi/lib/thumb/v7e-m+fp/hard\libc_nano.a(lib_a-strtok_r.o)
                0x000000000800ffa4                __strtok_r
 .text._vsnprintf_r
                0x000000000800fff4       0x58 c:/st/stm32cubeide_1.4.0/stm32cubeide/plugins/com.st.stm32cube.ide.mcu.externaltools.gnu-tools-for-stm32.9-2020-q2-update.win32_1.5.0.202011040924/tools/bin/../lib/gcc/arm-none-eabi/9.3.1/../../../../arm-none-eabi/lib/thumb/v7e-m+fp/hard\libc_nano.a(lib_a-vsnprintf.o)
                0x000000000800fff4                _vsniprintf_r
                0x000000000800fff4                _vsnprintf_r
 .text.vsnprintf
                0x000000000801004c       0x1c c:/st/stm32cubeide_1.4.0/stm32cubeide/plugins/com.st.stm32cube.ide.mcu.externaltools.gnu-tools-for-stm32.9-2020-q2-update.win32_1.5.0.202011040924/tools/bin/../lib/gcc/arm-none-eabi/9.3.1/../../../../arm-none-eabi/lib/thumb/v7e-m+fp/hard\libc_nano.a(lib_a-vsnprintf.o)
                0x000000000801004c                vsniprintf
                0x000000000801004c                vsnprintf
 .text.__assert_func
                0x0000000008010068       0x3c c:/st/stm32cubeide_1.4.0/stm32cubeide/plugins/com.st.stm32cube.ide.mcu.externaltools.gnu-tools-for-stm32.9-2020-q2-update.win32_1.5.0.202011040924/tools/bin/../lib/gcc/arm-none-eabi/9.3.1/../../../../arm-none-eabi/lib/thumb/v7e-m+fp/hard\libc_nano.a(lib_a-assert.o)
                0x0000000008010068                __assert_func
 .text.quorem   0x00000000080100a4      0x116 c:/st/stm32cubeide_1.4.0/stm32cubeide/plugins/com.st.stm32cube.ide.mcu.externaltools.gnu-tools-for-stm32.9-2020-q2-update.win32_1.5.0.202011040924/tools/bin/../lib/gcc/arm-none-eabi/9.3.1/../../../../arm-none-eabi/lib/thumb/v7e-m+fp/hard\libc_nano.a(lib_a-dtoa.o)
 *fill*         0x00000000080101ba        0x6 
 .text._dtoa_r  0x00000000080101c0      0xbd8 c:/st/stm32cubeide_1.4.0/stm32cubeide/plugins/com.st.stm32cube.ide.mcu.externaltools.gnu-tools-for-stm32.9-2020-q2-update.win32_1.5.0.202011040924/tools/bin/../lib/gcc/arm-none-eabi/9.3.1/../../../../arm-none-eabi/lib/thumb/v7e-m+fp/hard\libc_nano.a(lib_a-dtoa.o)
                0x00000000080101c0                _dtoa_r
 .text.fprintf  0x0000000008010d98       0x24 c:/st/stm32cubeide_1.4.0/stm32cubeide/plugins/com.st.stm32cube.ide.mcu.externaltools.gnu-tools-for-stm32.9-2020-q2-update.win32_1.5.0.202011040924/tools/bin/../lib/gcc/arm-none-eabi/9.3.1/../../../../arm-none-eabi/lib/thumb/v7e-m+fp/hard\libc_nano.a(lib_a-fprintf.o)
                0x0000000008010d98                fiprintf
                0x0000000008010d98                fprintf
 .text.rshift   0x0000000008010dbc       0xa4 c:/st/stm32cubeide_1.4.0/stm32cubeide/plugins/com.st.stm32cube.ide.mcu.externaltools.gnu-tools-for-stm32.9-2020-q2-update.win32_1.5.0.202011040924/tools/bin/../lib/gcc/arm-none-eabi/9.3.1/../../../../arm-none-eabi/lib/thumb/v7e-m+fp/hard\libc_nano.a(lib_a-gdtoa-gethex.o)
 .text.__hexdig_fun
                0x0000000008010e60       0x2a c:/st/stm32cubeide_1.4.0/stm32cubeide/plugins/com.st.stm32cube.ide.mcu.externaltools.gnu-tools-for-stm32.9-2020-q2-update.win32_1.5.0.202011040924/tools/bin/../lib/gcc/arm-none-eabi/9.3.1/../../../../arm-none-eabi/lib/thumb/v7e-m+fp/hard\libc_nano.a(lib_a-gdtoa-gethex.o)
                0x0000000008010e60                __hexdig_fun
 *fill*         0x0000000008010e8a        0x2 
 .text.__gethex
                0x0000000008010e8c      0x48c c:/st/stm32cubeide_1.4.0/stm32cubeide/plugins/com.st.stm32cube.ide.mcu.externaltools.gnu-tools-for-stm32.9-2020-q2-update.win32_1.5.0.202011040924/tools/bin/../lib/gcc/arm-none-eabi/9.3.1/../../../../arm-none-eabi/lib/thumb/v7e-m+fp/hard\libc_nano.a(lib_a-gdtoa-gethex.o)
                0x0000000008010e8c                __gethex
 .text.L_shift  0x0000000008011318       0x24 c:/st/stm32cubeide_1.4.0/stm32cubeide/plugins/com.st.stm32cube.ide.mcu.externaltools.gnu-tools-for-stm32.9-2020-q2-update.win32_1.5.0.202011040924/tools/bin/../lib/gcc/arm-none-eabi/9.3.1/../../../../arm-none-eabi/lib/thumb/v7e-m+fp/hard\libc_nano.a(lib_a-gdtoa-hexnan.o)
 .text.__match  0x000000000801133c       0x28 c:/st/stm32cubeide_1.4.0/stm32cubeide/plugins/com.st.stm32cube.ide.mcu.externaltools.gnu-tools-for-stm32.9-2020-q2-update.win32_1.5.0.202011040924/tools/bin/../lib/gcc/arm-none-eabi/9.3.1/../../../../arm-none-eabi/lib/thumb/v7e-m+fp/hard\libc_nano.a(lib_a-gdtoa-hexnan.o)
                0x000000000801133c                __match
 .text.__hexnan
                0x0000000008011364      0x138 c:/st/stm32cubeide_1.4.0/stm32cubeide/plugins/com.st.stm32cube.ide.mcu.externaltools.gnu-tools-for-stm32.9-2020-q2-update.win32_1.5.0.202011040924/tools/bin/../lib/gcc/arm-none-eabi/9.3.1/../../../../arm-none-eabi/lib/thumb/v7e-m+fp/hard\libc_nano.a(lib_a-gdtoa-hexnan.o)
                0x0000000008011364                __hexnan
 .text._localeconv_r
                0x000000000801149c        0x8 c:/st/stm32cubeide_1.4.0/stm32cubeide/plugins/com.st.stm32cube.ide.mcu.externaltools.gnu-tools-for-stm32.9-2020-q2-update.win32_1.5.0.202011040924/tools/bin/../lib/gcc/arm-none-eabi/9.3.1/../../../../arm-none-eabi/lib/thumb/v7e-m+fp/hard\libc_nano.a(lib_a-localeconv.o)
                0x000000000801149c                _localeconv_r
 .text.malloc   0x00000000080114a4       0x10 c:/st/stm32cubeide_1.4.0/stm32cubeide/plugins/com.st.stm32cube.ide.mcu.externaltools.gnu-tools-for-stm32.9-2020-q2-update.win32_1.5.0.202011040924/tools/bin/../lib/gcc/arm-none-eabi/9.3.1/../../../../arm-none-eabi/lib/thumb/v7e-m+fp/hard\libc_nano.a(lib_a-malloc.o)
                0x00000000080114a4                malloc
 .text.__ascii_mbtowc
                0x00000000080114b4       0x24 c:/st/stm32cubeide_1.4.0/stm32cubeide/plugins/com.st.stm32cube.ide.mcu.externaltools.gnu-tools-for-stm32.9-2020-q2-update.win32_1.5.0.202011040924/tools/bin/../lib/gcc/arm-none-eabi/9.3.1/../../../../arm-none-eabi/lib/thumb/v7e-m+fp/hard\libc_nano.a(lib_a-mbtowc_r.o)
                0x00000000080114b4                __ascii_mbtowc
 .text._Balloc  0x00000000080114d8       0x80 c:/st/stm32cubeide_1.4.0/stm32cubeide/plugins/com.st.stm32cube.ide.mcu.externaltools.gnu-tools-for-stm32.9-2020-q2-update.win32_1.5.0.202011040924/tools/bin/../lib/gcc/arm-none-eabi/9.3.1/../../../../arm-none-eabi/lib/thumb/v7e-m+fp/hard\libc_nano.a(lib_a-mprec.o)
                0x00000000080114d8                _Balloc
 .text._Bfree   0x0000000008011558       0x44 c:/st/stm32cubeide_1.4.0/stm32cubeide/plugins/com.st.stm32cube.ide.mcu.externaltools.gnu-tools-for-stm32.9-2020-q2-update.win32_1.5.0.202011040924/tools/bin/../lib/gcc/arm-none-eabi/9.3.1/../../../../arm-none-eabi/lib/thumb/v7e-m+fp/hard\libc_nano.a(lib_a-mprec.o)
                0x0000000008011558                _Bfree
 .text.__multadd
                0x000000000801159c       0x94 c:/st/stm32cubeide_1.4.0/stm32cubeide/plugins/com.st.stm32cube.ide.mcu.externaltools.gnu-tools-for-stm32.9-2020-q2-update.win32_1.5.0.202011040924/tools/bin/../lib/gcc/arm-none-eabi/9.3.1/../../../../arm-none-eabi/lib/thumb/v7e-m+fp/hard\libc_nano.a(lib_a-mprec.o)
                0x000000000801159c                __multadd
 .text.__s2b    0x0000000008011630       0x94 c:/st/stm32cubeide_1.4.0/stm32cubeide/plugins/com.st.stm32cube.ide.mcu.externaltools.gnu-tools-for-stm32.9-2020-q2-update.win32_1.5.0.202011040924/tools/bin/../lib/gcc/arm-none-eabi/9.3.1/../../../../arm-none-eabi/lib/thumb/v7e-m+fp/hard\libc_nano.a(lib_a-mprec.o)
                0x0000000008011630                __s2b
 .text.__hi0bits
                0x00000000080116c4       0x40 c:/st/stm32cubeide_1.4.0/stm32cubeide/plugins/com.st.stm32cube.ide.mcu.externaltools.gnu-tools-for-stm32.9-2020-q2-update.win32_1.5.0.202011040924/tools/bin/../lib/gcc/arm-none-eabi/9.3.1/../../../../arm-none-eabi/lib/thumb/v7e-m+fp/hard\libc_nano.a(lib_a-mprec.o)
                0x00000000080116c4                __hi0bits
 .text.__lo0bits
                0x0000000008011704       0x60 c:/st/stm32cubeide_1.4.0/stm32cubeide/plugins/com.st.stm32cube.ide.mcu.externaltools.gnu-tools-for-stm32.9-2020-q2-update.win32_1.5.0.202011040924/tools/bin/../lib/gcc/arm-none-eabi/9.3.1/../../../../arm-none-eabi/lib/thumb/v7e-m+fp/hard\libc_nano.a(lib_a-mprec.o)
                0x0000000008011704                __lo0bits
 .text.__i2b    0x0000000008011764       0x2c c:/st/stm32cubeide_1.4.0/stm32cubeide/plugins/com.st.stm32cube.ide.mcu.externaltools.gnu-tools-for-stm32.9-2020-q2-update.win32_1.5.0.202011040924/tools/bin/../lib/gcc/arm-none-eabi/9.3.1/../../../../arm-none-eabi/lib/thumb/v7e-m+fp/hard\libc_nano.a(lib_a-mprec.o)
                0x0000000008011764                __i2b
 .text.__multiply
                0x0000000008011790      0x14c c:/st/stm32cubeide_1.4.0/stm32cubeide/plugins/com.st.stm32cube.ide.mcu.externaltools.gnu-tools-for-stm32.9-2020-q2-update.win32_1.5.0.202011040924/tools/bin/../lib/gcc/arm-none-eabi/9.3.1/../../../../arm-none-eabi/lib/thumb/v7e-m+fp/hard\libc_nano.a(lib_a-mprec.o)
                0x0000000008011790                __multiply
 .text.__pow5mult
                0x00000000080118dc       0xb4 c:/st/stm32cubeide_1.4.0/stm32cubeide/plugins/com.st.stm32cube.ide.mcu.externaltools.gnu-tools-for-stm32.9-2020-q2-update.win32_1.5.0.202011040924/tools/bin/../lib/gcc/arm-none-eabi/9.3.1/../../../../arm-none-eabi/lib/thumb/v7e-m+fp/hard\libc_nano.a(lib_a-mprec.o)
                0x00000000080118dc                __pow5mult
 .text.__lshift
                0x0000000008011990       0xd8 c:/st/stm32cubeide_1.4.0/stm32cubeide/plugins/com.st.stm32cube.ide.mcu.externaltools.gnu-tools-for-stm32.9-2020-q2-update.win32_1.5.0.202011040924/tools/bin/../lib/gcc/arm-none-eabi/9.3.1/../../../../arm-none-eabi/lib/thumb/v7e-m+fp/hard\libc_nano.a(lib_a-mprec.o)
                0x0000000008011990                __lshift
 .text.__mcmp   0x0000000008011a68       0x38 c:/st/stm32cubeide_1.4.0/stm32cubeide/plugins/com.st.stm32cube.ide.mcu.externaltools.gnu-tools-for-stm32.9-2020-q2-update.win32_1.5.0.202011040924/tools/bin/../lib/gcc/arm-none-eabi/9.3.1/../../../../arm-none-eabi/lib/thumb/v7e-m+fp/hard\libc_nano.a(lib_a-mprec.o)
                0x0000000008011a68                __mcmp
 .text.__mdiff  0x0000000008011aa0      0x110 c:/st/stm32cubeide_1.4.0/stm32cubeide/plugins/com.st.stm32cube.ide.mcu.externaltools.gnu-tools-for-stm32.9-2020-q2-update.win32_1.5.0.202011040924/tools/bin/../lib/gcc/arm-none-eabi/9.3.1/../../../../arm-none-eabi/lib/thumb/v7e-m+fp/hard\libc_nano.a(lib_a-mprec.o)
                0x0000000008011aa0                __mdiff
 .text.__ulp    0x0000000008011bb0       0x58 c:/st/stm32cubeide_1.4.0/stm32cubeide/plugins/com.st.stm32cube.ide.mcu.externaltools.gnu-tools-for-stm32.9-2020-q2-update.win32_1.5.0.202011040924/tools/bin/../lib/gcc/arm-none-eabi/9.3.1/../../../../arm-none-eabi/lib/thumb/v7e-m+fp/hard\libc_nano.a(lib_a-mprec.o)
                0x0000000008011bb0                __ulp
 .text.__b2d    0x0000000008011c08       0xa0 c:/st/stm32cubeide_1.4.0/stm32cubeide/plugins/com.st.stm32cube.ide.mcu.externaltools.gnu-tools-for-stm32.9-2020-q2-update.win32_1.5.0.202011040924/tools/bin/../lib/gcc/arm-none-eabi/9.3.1/../../../../arm-none-eabi/lib/thumb/v7e-m+fp/hard\libc_nano.a(lib_a-mprec.o)
                0x0000000008011c08                __b2d
 .text.__d2b    0x0000000008011ca8       0xb8 c:/st/stm32cubeide_1.4.0/stm32cubeide/plugins/com.st.stm32cube.ide.mcu.externaltools.gnu-tools-for-stm32.9-2020-q2-update.win32_1.5.0.202011040924/tools/bin/../lib/gcc/arm-none-eabi/9.3.1/../../../../arm-none-eabi/lib/thumb/v7e-m+fp/hard\libc_nano.a(lib_a-mprec.o)
                0x0000000008011ca8                __d2b
 .text.__ratio  0x0000000008011d60       0x66 c:/st/stm32cubeide_1.4.0/stm32cubeide/plugins/com.st.stm32cube.ide.mcu.externaltools.gnu-tools-for-stm32.9-2020-q2-update.win32_1.5.0.202011040924/tools/bin/../lib/gcc/arm-none-eabi/9.3.1/../../../../arm-none-eabi/lib/thumb/v7e-m+fp/hard\libc_nano.a(lib_a-mprec.o)
                0x0000000008011d60                __ratio
 .text.__copybits
                0x0000000008011dc6       0x46 c:/st/stm32cubeide_1.4.0/stm32cubeide/plugins/com.st.stm32cube.ide.mcu.externaltools.gnu-tools-for-stm32.9-2020-q2-update.win32_1.5.0.202011040924/tools/bin/../lib/gcc/arm-none-eabi/9.3.1/../../../../arm-none-eabi/lib/thumb/v7e-m+fp/hard\libc_nano.a(lib_a-mprec.o)
                0x0000000008011dc6                __copybits
 .text.__any_on
                0x0000000008011e0c       0x42 c:/st/stm32cubeide_1.4.0/stm32cubeide/plugins/com.st.stm32cube.ide.mcu.externaltools.gnu-tools-for-stm32.9-2020-q2-update.win32_1.5.0.202011040924/tools/bin/../lib/gcc/arm-none-eabi/9.3.1/../../../../arm-none-eabi/lib/thumb/v7e-m+fp/hard\libc_nano.a(lib_a-mprec.o)
                0x0000000008011e0c                __any_on
 .text._calloc_r
                0x0000000008011e4e       0x1e c:/st/stm32cubeide_1.4.0/stm32cubeide/plugins/com.st.stm32cube.ide.mcu.externaltools.gnu-tools-for-stm32.9-2020-q2-update.win32_1.5.0.202011040924/tools/bin/../lib/gcc/arm-none-eabi/9.3.1/../../../../arm-none-eabi/lib/thumb/v7e-m+fp/hard\libc_nano.a(lib_a-nano-callocr.o)
                0x0000000008011e4e                _calloc_r
 .text._free_r  0x0000000008011e6c       0xa0 c:/st/stm32cubeide_1.4.0/stm32cubeide/plugins/com.st.stm32cube.ide.mcu.externaltools.gnu-tools-for-stm32.9-2020-q2-update.win32_1.5.0.202011040924/tools/bin/../lib/gcc/arm-none-eabi/9.3.1/../../../../arm-none-eabi/lib/thumb/v7e-m+fp/hard\libc_nano.a(lib_a-nano-freer.o)
                0x0000000008011e6c                _free_r
 .text._malloc_r
                0x0000000008011f0c       0xb4 c:/st/stm32cubeide_1.4.0/stm32cubeide/plugins/com.st.stm32cube.ide.mcu.externaltools.gnu-tools-for-stm32.9-2020-q2-update.win32_1.5.0.202011040924/tools/bin/../lib/gcc/arm-none-eabi/9.3.1/../../../../arm-none-eabi/lib/thumb/v7e-m+fp/hard\libc_nano.a(lib_a-nano-mallocr.o)
                0x0000000008011f0c                _malloc_r
 .text.__ssputs_r
                0x0000000008011fc0       0xb6 c:/st/stm32cubeide_1.4.0/stm32cubeide/plugins/com.st.stm32cube.ide.mcu.externaltools.gnu-tools-for-stm32.9-2020-q2-update.win32_1.5.0.202011040924/tools/bin/../lib/gcc/arm-none-eabi/9.3.1/../../../../arm-none-eabi/lib/thumb/v7e-m+fp/hard\libc_nano.a(lib_a-nano-svfprintf.o)
                0x0000000008011fc0                __ssputs_r
 *fill*         0x0000000008012076        0x2 
 .text._svfprintf_r
                0x0000000008012078      0x200 c:/st/stm32cubeide_1.4.0/stm32cubeide/plugins/com.st.stm32cube.ide.mcu.externaltools.gnu-tools-for-stm32.9-2020-q2-update.win32_1.5.0.202011040924/tools/bin/../lib/gcc/arm-none-eabi/9.3.1/../../../../arm-none-eabi/lib/thumb/v7e-m+fp/hard\libc_nano.a(lib_a-nano-svfprintf.o)
                0x0000000008012078                _svfiprintf_r
                0x0000000008012078                _svfprintf_r
 .text.__sfputc_r
                0x0000000008012278       0x2e c:/st/stm32cubeide_1.4.0/stm32cubeide/plugins/com.st.stm32cube.ide.mcu.externaltools.gnu-tools-for-stm32.9-2020-q2-update.win32_1.5.0.202011040924/tools/bin/../lib/gcc/arm-none-eabi/9.3.1/../../../../arm-none-eabi/lib/thumb/v7e-m+fp/hard\libc_nano.a(lib_a-nano-vfprintf.o)
 .text.__sfputs_r