main.c:196:5:nmea0183_checksum	24	static
main.c:206:6:HAL_ADC_ConvCpltCallback	24	static
main.c:214:6:myprintf	16	static
main.c:226:8:distance_on_geoid	144	static
main.c:270:5:main	112	static
main.c:384:6:SystemClock_Config	88	static
main.c:429:13:MX_ADC1_Init	24	static
main.c:495:13:MX_I2C1_Init	8	static
main.c:529:13:MX_SPI1_Init	8	static
main.c:567:13:MX_USART1_UART_Init	8	static
main.c:600:13:MX_USART2_UART_Init	8	static
main.c:631:13:MX_DMA_Init	16	static
main.c:652:13:MX_GPIO_Init	48	static
main.c:713:6:MainProcess	376	static
main.c:752:6:IMU	144	static
main.c:792:6:GPS	968	static
main.c:993:6:RFID	144	static
main.c:1055:6:SDCard	152	static
main.c:1145:6:ADCProcesing	128	static
main.c:1192:6:PowManagement	16	static
main.c:1234:6:Ignition	16	static
main.c:1264:6:HAL_TIM_PeriodElapsedCallback	16	static
main.c:1281:6:Error_Handler	4	static,ignoring_inline_asm
