main.c:234:5:nmea0183_checksum	24	static
main.c:243:6:HAL_UART_RxCpltCallback	16	static
main.c:251:6:HAL_ADC_ConvCpltCallback	24	static
main.c:259:6:myprintf	16	static
main.c:271:8:distance_on_geoid	144	static
main.c:316:5:main	112	static
main.c:434:6:SystemClock_Config	88	static
main.c:479:13:MX_ADC1_Init	24	static
main.c:545:13:MX_I2C1_Init	8	static
main.c:579:13:MX_SPI1_Init	8	static
main.c:617:13:MX_USART1_UART_Init	8	static
main.c:650:13:MX_USART2_UART_Init	8	static
main.c:683:13:MX_USART6_UART_Init	8	static
main.c:714:13:MX_DMA_Init	16	static
main.c:735:13:MX_GPIO_Init	48	static
main.c:796:6:MainProcess	216	static
main.c:885:6:IMU	136	static
main.c:951:6:GPS	768	static
main.c:1154:6:RFID	160	static
main.c:1221:6:SDCard	136	static
main.c:1312:6:ADCProcesing	128	static
main.c:1360:6:LoggingData	400	static
main.c:1431:6:SendData	104	static
main.c:1492:6:HAL_TIM_PeriodElapsedCallback	16	static
main.c:1509:6:Error_Handler	4	static,ignoring_inline_asm
