main.c:134:5:main	112	static
main.c:235:6:SystemClock_Config	88	static
main.c:280:13:MX_I2C1_Init	8	static
main.c:314:13:MX_SPI1_Init	8	static
main.c:352:13:MX_USART2_UART_Init	8	static
main.c:385:13:MX_GPIO_Init	48	static
main.c:424:6:Display	280	static
main.c:458:6:IMU	120	static
main.c:489:6:GPS	16	static
main.c:507:6:AnalogReading	16	static
main.c:525:6:RFID	160	static
main.c:583:6:SDCard	16	static
main.c:602:6:HAL_TIM_PeriodElapsedCallback	16	static
main.c:619:6:Error_Handler	4	static,ignoring_inline_asm
