main.c:161:5:nmea0183_checksum	24	static
main.c:171:6:HAL_ADC_ConvCpltCallback	24	static
main.c:179:6:myprintf	16	static
main.c:201:5:main	112	static
main.c:309:6:SystemClock_Config	88	static
main.c:354:13:MX_ADC1_Init	24	static
main.c:420:13:MX_I2C1_Init	8	static
main.c:454:13:MX_SPI1_Init	8	static
main.c:492:13:MX_USART1_UART_Init	8	static
main.c:525:13:MX_USART2_UART_Init	8	static
main.c:556:13:MX_DMA_Init	16	static
main.c:577:13:MX_GPIO_Init	48	static
main.c:638:6:Display	304	static
main.c:674:6:IMU	120	static
main.c:706:6:GPS	968	static
main.c:898:6:RFID	144	static
main.c:959:6:SDCard	152	static
main.c:1047:6:ADCProcesing	120	static
main.c:1084:6:HAL_TIM_PeriodElapsedCallback	16	static
main.c:1101:6:Error_Handler	4	static,ignoring_inline_asm
