main.c:234:5:nmea0183_checksum	24	static
main.c:243:6:HAL_UART_RxCpltCallback	16	static
main.c:247:6:HAL_ADC_ConvCpltCallback	24	static
main.c:255:6:myprintf	16	static
main.c:267:8:distance_on_geoid	144	static
main.c:311:5:main	112	static
main.c:431:6:SystemClock_Config	88	static
main.c:476:13:MX_ADC1_Init	24	static
main.c:542:13:MX_I2C1_Init	8	static
main.c:576:13:MX_SPI1_Init	8	static
main.c:614:13:MX_USART1_UART_Init	8	static
main.c:647:13:MX_USART2_UART_Init	8	static
main.c:678:13:MX_DMA_Init	16	static
main.c:699:13:MX_GPIO_Init	48	static
main.c:760:6:MainProcess	216	static
main.c:806:6:IMU	136	static
main.c:872:6:GPS	968	static
main.c:1075:6:RFID	144	static
main.c:1142:6:SDCard	152	static
main.c:1236:6:ADCProcesing	128	static
main.c:1284:6:PowManagement	16	static
main.c:1326:6:Ignition	16	static
main.c:1355:6:LoggingData	160	static
main.c:1415:6:HAL_TIM_PeriodElapsedCallback	16	static
main.c:1432:6:Error_Handler	4	static,ignoring_inline_asm
