main.c:148:5:nmea0183_checksum	24	static
main.c:158:6:HAL_ADC_ConvCpltCallback	24	static
main.c:176:5:main	112	static
main.c:280:6:SystemClock_Config	88	static
main.c:325:13:MX_ADC1_Init	24	static
main.c:391:13:MX_I2C1_Init	8	static
main.c:425:13:MX_SPI1_Init	8	static
main.c:463:13:MX_USART1_UART_Init	8	static
main.c:496:13:MX_USART2_UART_Init	8	static
main.c:527:13:MX_DMA_Init	16	static
main.c:548:13:MX_GPIO_Init	48	static
main.c:609:6:Display	304	static
main.c:645:6:IMU	120	static
main.c:677:6:GPS	968	static
main.c:865:6:RFID	160	static
main.c:924:6:SDCard	16	static
main.c:942:6:ADCProcesing	120	static
main.c:979:6:HAL_TIM_PeriodElapsedCallback	16	static
main.c:996:6:Error_Handler	4	static,ignoring_inline_asm
