main.c:171:5:nmea0183_checksum	24	static
main.c:181:6:HAL_ADC_ConvCpltCallback	24	static
main.c:189:6:myprintf	16	static
main.c:211:5:main	112	static
main.c:322:6:SystemClock_Config	88	static
main.c:367:13:MX_ADC1_Init	24	static
main.c:433:13:MX_I2C1_Init	8	static
main.c:467:13:MX_SPI1_Init	8	static
main.c:505:13:MX_USART1_UART_Init	8	static
main.c:538:13:MX_USART2_UART_Init	8	static
main.c:569:13:MX_DMA_Init	16	static
main.c:590:13:MX_GPIO_Init	48	static
main.c:651:6:MainProcess	304	static
main.c:687:6:IMU	120	static
main.c:719:6:GPS	968	static
main.c:911:6:RFID	144	static
main.c:972:6:SDCard	152	static
main.c:1060:6:ADCProcesing	120	static
main.c:1096:6:PowManagement	16	static
main.c:1137:6:HAL_TIM_PeriodElapsedCallback	16	static
main.c:1154:6:Error_Handler	4	static,ignoring_inline_asm
