main.c:225:5:nmea0183_checksum	24	static
main.c:234:6:HAL_UART_RxCpltCallback	16	static
main.c:238:6:HAL_ADC_ConvCpltCallback	24	static
main.c:246:6:myprintf	16	static
main.c:258:8:distance_on_geoid	144	static
main.c:302:5:main	112	static
main.c:422:6:SystemClock_Config	88	static
main.c:467:13:MX_ADC1_Init	24	static
main.c:533:13:MX_I2C1_Init	8	static
main.c:567:13:MX_SPI1_Init	8	static
main.c:605:13:MX_USART1_UART_Init	8	static
main.c:638:13:MX_USART2_UART_Init	8	static
main.c:669:13:MX_DMA_Init	16	static
main.c:690:13:MX_GPIO_Init	48	static
main.c:751:6:MainProcess	408	static
main.c:791:6:IMU	144	static
main.c:854:6:GPS	968	static
main.c:1057:6:RFID	144	static
main.c:1124:6:SDCard	152	static
main.c:1217:6:ADCProcesing	128	static
main.c:1264:6:PowManagement	16	static
main.c:1306:6:Ignition	16	static
main.c:1335:6:LoggingData	24	static
main.c:1375:6:HAL_TIM_PeriodElapsedCallback	16	static
main.c:1392:6:Error_Handler	4	static,ignoring_inline_asm
