main.c:155:5:nmea0183_checksum	24	static
main.c:165:6:HAL_ADC_ConvCpltCallback	24	static
main.c:173:6:myprintf	16	static
main.c:195:5:main	112	static
main.c:300:6:SystemClock_Config	88	static
main.c:345:13:MX_ADC1_Init	24	static
main.c:411:13:MX_I2C1_Init	8	static
main.c:445:13:MX_SPI1_Init	8	static
main.c:483:13:MX_USART1_UART_Init	8	static
main.c:516:13:MX_USART2_UART_Init	8	static
main.c:547:13:MX_DMA_Init	16	static
main.c:568:13:MX_GPIO_Init	48	static
main.c:629:6:Display	304	static
main.c:665:6:IMU	120	static
main.c:697:6:GPS	968	static
main.c:885:6:RFID	144	static
main.c:944:6:SDCard	152	static
main.c:1032:6:ADCProcesing	120	static
main.c:1069:6:HAL_TIM_PeriodElapsedCallback	16	static
main.c:1086:6:Error_Handler	4	static,ignoring_inline_asm
