main.c:221:5:nmea0183_checksum	24	static
main.c:230:6:HAL_UART_RxCpltCallback	16	static
main.c:234:6:HAL_ADC_ConvCpltCallback	24	static
main.c:242:6:myprintf	16	static
main.c:254:8:distance_on_geoid	144	static
main.c:298:5:main	112	static
main.c:418:6:SystemClock_Config	88	static
main.c:463:13:MX_ADC1_Init	24	static
main.c:529:13:MX_I2C1_Init	8	static
main.c:563:13:MX_SPI1_Init	8	static
main.c:601:13:MX_USART1_UART_Init	8	static
main.c:634:13:MX_USART2_UART_Init	8	static
main.c:665:13:MX_DMA_Init	16	static
main.c:686:13:MX_GPIO_Init	48	static
main.c:747:6:MainProcess	408	static
main.c:787:6:IMU	144	static
main.c:847:6:GPS	968	static
main.c:1050:6:RFID	144	static
main.c:1117:6:SDCard	152	static
main.c:1210:6:ADCProcesing	128	static
main.c:1257:6:PowManagement	16	static
main.c:1299:6:Ignition	16	static
main.c:1328:6:LoggingData	24	static
main.c:1368:6:HAL_TIM_PeriodElapsedCallback	16	static
main.c:1385:6:Error_Handler	4	static,ignoring_inline_asm
