main.c:253:5:nmea0183_checksum	24	static
main.c:262:6:HAL_UART_RxCpltCallback	24	static
main.c:277:6:HAL_ADC_ConvCpltCallback	24	static
main.c:285:6:myprintf	16	static
main.c:297:8:distance_on_geoid	144	static
main.c:342:5:main	112	static
main.c:460:6:SystemClock_Config	88	static
main.c:505:13:MX_ADC1_Init	24	static
main.c:571:13:MX_I2C1_Init	8	static
main.c:605:13:MX_SPI1_Init	8	static
main.c:643:13:MX_USART1_UART_Init	8	static
main.c:676:13:MX_USART2_UART_Init	8	static
main.c:709:13:MX_USART6_UART_Init	8	static
main.c:740:13:MX_DMA_Init	16	static
main.c:761:13:MX_GPIO_Init	48	static
main.c:822:6:MainProcess	216	static
main.c:912:6:IMU	248	static
main.c:1008:6:GPS	968	static
main.c:1213:6:RFID	160	static
main.c:1281:6:SDCard	232	static
main.c:1420:6:ADCProcesing	128	static
main.c:1468:6:LoggingData	408	static
main.c:1546:6:SendData	104	static
main.c:1611:6:HAL_TIM_PeriodElapsedCallback	16	static
main.c:1628:6:Error_Handler	4	static,ignoring_inline_asm
