main.c:196:5:nmea0183_checksum	24	static
main.c:205:6:HAL_UART_RxCpltCallback	16	static
main.c:209:6:HAL_ADC_ConvCpltCallback	24	static
main.c:217:6:myprintf	16	static
main.c:229:8:distance_on_geoid	144	static
main.c:273:5:main	112	static
main.c:387:6:SystemClock_Config	88	static
main.c:432:13:MX_ADC1_Init	24	static
main.c:498:13:MX_I2C1_Init	8	static
main.c:532:13:MX_SPI1_Init	8	static
main.c:570:13:MX_USART1_UART_Init	8	static
main.c:603:13:MX_USART2_UART_Init	8	static
main.c:634:13:MX_DMA_Init	16	static
main.c:655:13:MX_GPIO_Init	48	static
main.c:716:6:MainProcess	408	static
main.c:756:6:IMU	144	static
main.c:796:6:GPS	968	static
main.c:999:6:RFID	144	static
main.c:1061:6:SDCard	152	static
main.c:1151:6:ADCProcesing	128	static
main.c:1198:6:PowManagement	16	static
main.c:1240:6:Ignition	16	static
main.c:1270:6:HAL_TIM_PeriodElapsedCallback	16	static
main.c:1287:6:Error_Handler	4	static,ignoring_inline_asm
