main.c:232:5:nmea0183_checksum	24	static
main.c:241:6:HAL_UART_RxCpltCallback	16	static
main.c:249:6:HAL_ADC_ConvCpltCallback	24	static
main.c:257:6:myprintf	16	static
main.c:269:8:distance_on_geoid	144	static
main.c:314:5:main	112	static
main.c:432:6:SystemClock_Config	88	static
main.c:477:13:MX_ADC1_Init	24	static
main.c:543:13:MX_I2C1_Init	8	static
main.c:577:13:MX_SPI1_Init	8	static
main.c:615:13:MX_USART1_UART_Init	8	static
main.c:648:13:MX_USART2_UART_Init	8	static
main.c:681:13:MX_USART6_UART_Init	8	static
main.c:712:13:MX_DMA_Init	16	static
main.c:733:13:MX_GPIO_Init	48	static
main.c:794:6:MainProcess	216	static
main.c:883:6:IMU	136	static
main.c:949:6:GPS	768	static
main.c:1152:6:RFID	160	static
main.c:1219:6:SDCard	152	static
main.c:1312:6:ADCProcesing	128	static
main.c:1360:6:LoggingData	400	static
main.c:1431:6:SendData	104	static
main.c:1492:6:HAL_TIM_PeriodElapsedCallback	16	static
main.c:1509:6:Error_Handler	4	static,ignoring_inline_asm
