main.c:190:5:nmea0183_checksum	24	static
main.c:200:6:HAL_ADC_ConvCpltCallback	24	static
main.c:208:6:myprintf	16	static
main.c:230:5:main	112	static
main.c:344:6:SystemClock_Config	88	static
main.c:389:13:MX_ADC1_Init	24	static
main.c:455:13:MX_I2C1_Init	8	static
main.c:489:13:MX_SPI1_Init	8	static
main.c:527:13:MX_USART1_UART_Init	8	static
main.c:560:13:MX_USART2_UART_Init	8	static
main.c:591:13:MX_DMA_Init	16	static
main.c:612:13:MX_GPIO_Init	48	static
main.c:673:6:MainProcess	360	static
main.c:707:6:IMU	120	static
main.c:739:6:GPS	968	static
main.c:931:6:RFID	144	static
main.c:993:6:SDCard	152	static
main.c:1081:6:ADCProcesing	128	static
main.c:1128:6:PowManagement	16	static
main.c:1170:6:Ignition	16	static
main.c:1200:6:HAL_TIM_PeriodElapsedCallback	16	static
main.c:1217:6:Error_Handler	4	static,ignoring_inline_asm
