main.c:147:5:nmea0183_checksum	24	static
main.c:157:6:HAL_ADC_ConvCpltCallback	24	static
main.c:175:5:main	112	static
main.c:279:6:SystemClock_Config	88	static
main.c:324:13:MX_ADC1_Init	24	static
main.c:390:13:MX_I2C1_Init	8	static
main.c:424:13:MX_SPI1_Init	8	static
main.c:462:13:MX_USART1_UART_Init	8	static
main.c:495:13:MX_USART2_UART_Init	8	static
main.c:526:13:MX_DMA_Init	16	static
main.c:547:13:MX_GPIO_Init	48	static
main.c:608:6:Display	304	static
main.c:644:6:IMU	120	static
main.c:675:6:GPS	968	static
main.c:863:6:RFID	160	static
main.c:921:6:SDCard	16	static
main.c:939:6:ADCProcesing	120	static
main.c:972:6:HAL_TIM_PeriodElapsedCallback	16	static
main.c:989:6:Error_Handler	4	static,ignoring_inline_asm
