main.c:134:5:nmea0183_checksum	24	static
main.c:154:5:main	112	static
main.c:257:6:SystemClock_Config	88	static
main.c:302:13:MX_I2C1_Init	8	static
main.c:336:13:MX_SPI1_Init	8	static
main.c:374:13:MX_USART1_UART_Init	8	static
main.c:407:13:MX_USART2_UART_Init	8	static
main.c:438:13:MX_DMA_Init	16	static
main.c:456:13:MX_GPIO_Init	48	static
main.c:495:6:Display	280	static
main.c:529:6:IMU	120	static
main.c:560:6:GPS	968	static
main.c:748:6:AnalogReading	16	static
main.c:766:6:RFID	160	static
main.c:824:6:SDCard	16	static
main.c:843:6:HAL_TIM_PeriodElapsedCallback	16	static
main.c:860:6:Error_Handler	4	static,ignoring_inline_asm
