main.c:248:5:nmea0183_checksum	24	static
main.c:257:6:HAL_UART_RxCpltCallback	16	static
main.c:265:6:HAL_ADC_ConvCpltCallback	24	static
main.c:273:6:myprintf	16	static
main.c:285:8:distance_on_geoid	144	static
main.c:330:5:main	112	static
main.c:454:6:SystemClock_Config	88	static
main.c:499:13:MX_ADC1_Init	24	static
main.c:565:13:MX_I2C1_Init	8	static
main.c:599:13:MX_SPI1_Init	8	static
main.c:637:13:MX_USART1_UART_Init	8	static
main.c:670:13:MX_USART2_UART_Init	8	static
main.c:703:13:MX_USART6_UART_Init	8	static
main.c:734:13:MX_DMA_Init	16	static
main.c:755:13:MX_GPIO_Init	48	static
main.c:816:6:MainProcess	216	static
main.c:862:6:IMU	136	static
main.c:928:6:GPS	768	static
main.c:1131:6:RFID	160	static
main.c:1198:6:SDCard	152	static
main.c:1291:6:ADCProcesing	128	static
main.c:1339:6:PowManagement	16	static
main.c:1381:6:Ignition	16	static
main.c:1410:6:LoggingData	304	static
main.c:1467:6:SendData	96	static
main.c:1518:6:HAL_TIM_PeriodElapsedCallback	16	static
main.c:1535:6:Error_Handler	4	static,ignoring_inline_asm
