MFRC522.c:18:6:Write_MFRC522	24	static
MFRC522.c:51:8:Read_MFRC522	24	static
MFRC522.c:89:6:SetBitMask	24	static
MFRC522.c:102:6:ClearBitMask	24	static
MFRC522.c:116:6:AntennaOn	8	static
MFRC522.c:128:6:AntennaOff	8	static
MFRC522.c:140:6:MFRC522_Reset	8	static
MFRC522.c:151:6:MFRC522_Init	8	static
MFRC522.c:186:8:MFRC522_Request	32	static
MFRC522.c:214:8:MFRC522_ToCard	48	static
MFRC522.c:333:8:MFRC522_Anticoll	32	static
MFRC522.c:376:8:MFRC522_Read	32	static
MFRC522.c:401:8:MFRC522_Write	56	static
MFRC522.c:442:6:CalulateCRC	40	static
MFRC522.c:483:8:MFRC522_Auth	56	static
MFRC522.c:518:8:MFRC522_SelectTag	48	static
MFRC522.c:556:6:MFRC522_Halt	24	static
MFRC522.c:570:6:MFRC522_StopCrypto1	8	static
